Jan  1 07:55:30 postman anacron[22753]: Job `cron.daily' terminated
Jan  1 07:55:30 postman anacron[22753]: Normal exit (1 job run)
Jan  1 08:05:02 postman CRON[25465]: (root) CMD (command -v debian-sa1 > /dev/null && debian-sa1 1 1)
Jan  1 08:15:01 postman CRON[30354]: (root) CMD (command -v debian-sa1 > /dev/null && debian-sa1 1 1)
Jan  1 08:17:01 postman CRON[18753]: (root) CMD (   cd / && run-parts --report /etc/cron.hourly)
Jan  1 08:25:01 postman CRON[3201]: (root) CMD (command -v debian-sa1 > /dev/null && debian-sa1 1 1)
Jan  1 08:25:39 postman wpa_supplicant[1101]: message repeated 29 times: [ wlan0: CTRL-EVENT-SCAN-STARTED ]
Jan  1 08:26:37 postman wpa_supplicant[1101]: wlan0: WPA: Group rekeying completed with 90:5c:44:1c:bd:54 [GTK=TKIP]
Jan  1 08:27:39 postman wpa_supplicant[1101]: wlan0: CTRL-EVENT-SCAN-STARTED 
Jan  1 08:35:01 postman CRON[8612]: (root) CMD (command -v debian-sa1 > /dev/null && debian-sa1 1 1)
Jan  1 08:45:01 postman CRON[13848]: (root) CMD (command -v debian-sa1 > /dev/null && debian-sa1 1 1)
Jan  1 08:55:01 postman CRON[18653]: (root) CMD (command -v debian-sa1 > /dev/null && debian-sa1 1 1)
Dec 31 23:19:41 postman console-kit-daemon[8052]: GLib-CRITICAL: Source ID 11 was not found when attempting to remove it
Jan  1 08:56:27 postman console-kit-daemon[8052]: GLib-CRITICAL: Source ID 104 was not found when attempting to remove it
Jan  1 08:56:27 postman console-kit-daemon[8052]: GLib-CRITICAL: Source ID 43 was not found when attempting to remove it
Jan  1 08:57:43 postman NetworkManager[1000]: <warn> nl_recvmsgs() error: (-33) Dump inconsistency detected, interrupted
Jan  1 09:05:01 postman CRON[19969]: (root) CMD (command -v debian-sa1 > /dev/null && debian-sa1 1 1)
Jan  1 09:15:01 postman CRON[19988]: (root) CMD (command -v debian-sa1 > /dev/null && debian-sa1 1 1)
Jan  1 09:17:01 postman CRON[19991]: (root) CMD (   cd / && run-parts --report /etc/cron.hourly)
Jan  1 09:25:01 postman CRON[20007]: (root) CMD (command -v debian-sa1 > /dev/null && debian-sa1 1 1)
Jan  1 09:25:39 postman wpa_supplicant[1101]: message repeated 29 times: [ wlan0: CTRL-EVENT-SCAN-STARTED ]
Jan  1 09:26:38 postman wpa_supplicant[1101]: wlan0: WPA: Group rekeying completed with 90:5c:44:1c:bd:54 [GTK=TKIP]
Jan  1 09:27:39 postman wpa_supplicant[1101]: wlan0: CTRL-EVENT-SCAN-STARTED 
Jan  1 09:35:01 postman CRON[20026]: (root) CMD (command -v debian-sa1 > /dev/null && debian-sa1 1 1)
Jan  1 09:45:01 postman CRON[20044]: (root) CMD (command -v debian-sa1 > /dev/null && debian-sa1 1 1)
Jan  1 09:55:01 postman CRON[20061]: (root) CMD (command -v debian-sa1 > /dev/null && debian-sa1 1 1)
Jan  1 10:05:01 postman CRON[20074]: (root) CMD (command -v debian-sa1 > /dev/null && debian-sa1 1 1)
Jan  1 10:15:01 postman CRON[20097]: (root) CMD (command -v debian-sa1 > /dev/null && debian-sa1 1 1)
Jan  1 10:17:01 postman CRON[20100]: (root) CMD (   cd / && run-parts --report /etc/cron.hourly)
Jan  1 10:25:01 postman CRON[20117]: (root) CMD (command -v debian-sa1 > /dev/null && debian-sa1 1 1)
Jan  1 10:25:39 postman wpa_supplicant[1101]: message repeated 29 times: [ wlan0: CTRL-EVENT-SCAN-STARTED ]
Jan  1 10:26:39 postman wpa_supplicant[1101]: wlan0: WPA: Group rekeying completed with 90:5c:44:1c:bd:54 [GTK=TKIP]
Jan  1 10:27:39 postman wpa_supplicant[1101]: wlan0: CTRL-EVENT-SCAN-STARTED 
Jan  1 10:35:01 postman CRON[20132]: (root) CMD (command -v debian-sa1 > /dev/null && debian-sa1 1 1)
Jan  1 10:45:01 postman CRON[20148]: (root) CMD (command -v debian-sa1 > /dev/null && debian-sa1 1 1)
Jan  1 10:55:01 postman CRON[20164]: (root) CMD (command -v debian-sa1 > /dev/null && debian-sa1 1 1)
Jan  1 11:02:33 postman dhclient: DHCPREQUEST of 192.168.0.248 on wlan0 to 192.168.0.1 port 67 (xid=0x6890c790)
Jan  1 11:02:33 postman dhclient: DHCPACK of 192.168.0.248 from 192.168.0.1
Jan  1 11:02:33 postman dhclient: bound to 192.168.0.248 -- renewal in 35864 seconds.
Jan  1 11:02:33 postman NetworkManager[1000]: <info> (wlan0): DHCPv4 state changed renew -> renew
Jan  1 11:02:33 postman NetworkManager[1000]: <info>   address 192.168.0.248
Jan  1 11:02:33 postman NetworkManager[1000]: <info>   prefix 24 (255.255.255.0)
Jan  1 11:02:33 postman NetworkManager[1000]: <info>   gateway 192.168.0.1
Jan  1 11:02:33 postman NetworkManager[1000]: <info>   hostname 'postman'
Jan  1 11:02:33 postman NetworkManager[1000]: <info>   nameserver '89.101.160.5'
Jan  1 11:02:33 postman NetworkManager[1000]: <info>   nameserver '89.101.160.4'
Jan  1 11:02:33 postman NetworkManager[1000]: <info>   domain name 'home'
Jan  1 11:02:33 postman dbus[912]: [system] Activating service name='org.freedesktop.nm_dispatcher' (using servicehelper)
Jan  1 11:02:33 postman dbus[912]: [system] Successfully activated service 'org.freedesktop.nm_dispatcher'
Jan  1 11:05:01 postman CRON[20185]: (root) CMD (command -v debian-sa1 > /dev/null && debian-sa1 1 1)
Jan  1 11:15:01 postman CRON[20206]: (root) CMD (command -v debian-sa1 > /dev/null && debian-sa1 1 1)
Jan  1 11:17:01 postman CRON[20210]: (root) CMD (   cd / && run-parts --report /etc/cron.hourly)
Jan  1 11:25:01 postman CRON[20227]: (root) CMD (command -v debian-sa1 > /dev/null && debian-sa1 1 1)
Jan  1 11:25:39 postman wpa_supplicant[1101]: message repeated 29 times: [ wlan0: CTRL-EVENT-SCAN-STARTED ]
Jan  1 11:26:40 postman wpa_supplicant[1101]: wlan0: WPA: Group rekeying completed with 90:5c:44:1c:bd:54 [GTK=TKIP]
Jan  1 11:27:39 postman wpa_supplicant[1101]: wlan0: CTRL-EVENT-SCAN-STARTED 
Jan  1 11:35:01 postman CRON[20242]: (root) CMD (command -v debian-sa1 > /dev/null && debian-sa1 1 1)
Jan  1 11:45:01 postman CRON[20264]: (root) CMD (command -v debian-sa1 > /dev/null && debian-sa1 1 1)
Jan  1 11:55:01 postman CRON[20283]: (root) CMD (command -v debian-sa1 > /dev/null && debian-sa1 1 1)
Jan  1 12:05:01 postman CRON[20300]: (root) CMD (command -v debian-sa1 > /dev/null && debian-sa1 1 1)
Jan  1 12:15:01 postman CRON[20319]: (root) CMD (command -v debian-sa1 > /dev/null && debian-sa1 1 1)
Jan  1 12:17:01 postman CRON[20324]: (root) CMD (   cd / && run-parts --report /etc/cron.hourly)
Jan  1 12:25:01 postman CRON[20340]: (root) CMD (command -v debian-sa1 > /dev/null && debian-sa1 1 1)
Jan  1 12:25:39 postman wpa_supplicant[1101]: message repeated 29 times: [ wlan0: CTRL-EVENT-SCAN-STARTED ]
Jan  1 12:26:41 postman wpa_supplicant[1101]: wlan0: WPA: Group rekeying completed with 90:5c:44:1c:bd:54 [GTK=TKIP]
Jan  1 12:27:39 postman wpa_supplicant[1101]: wlan0: CTRL-EVENT-SCAN-STARTED 
Jan  1 12:35:01 postman CRON[20357]: (root) CMD (command -v debian-sa1 > /dev/null && debian-sa1 1 1)
Jan  1 12:45:01 postman CRON[20376]: (root) CMD (command -v debian-sa1 > /dev/null && debian-sa1 1 1)
Jan  1 12:55:01 postman CRON[20397]: (root) CMD (command -v debian-sa1 > /dev/null && debian-sa1 1 1)
Jan  1 13:05:01 postman CRON[20410]: (root) CMD (command -v debian-sa1 > /dev/null && debian-sa1 1 1)
Jan  1 13:15:01 postman CRON[20432]: (root) CMD (command -v debian-sa1 > /dev/null && debian-sa1 1 1)
Jan  1 13:17:01 postman CRON[20437]: (root) CMD (   cd / && run-parts --report /etc/cron.hourly)
Jan  1 13:25:01 postman CRON[20456]: (root) CMD (command -v debian-sa1 > /dev/null && debian-sa1 1 1)
Jan  1 13:25:39 postman wpa_supplicant[1101]: message repeated 29 times: [ wlan0: CTRL-EVENT-SCAN-STARTED ]
Jan  1 13:26:42 postman wpa_supplicant[1101]: wlan0: WPA: Group rekeying completed with 90:5c:44:1c:bd:54 [GTK=TKIP]
Jan  1 13:27:39 postman wpa_supplicant[1101]: wlan0: CTRL-EVENT-SCAN-STARTED 
Jan  1 13:31:21 postman chronyd[9275]: Selected source 193.1.12.167
Jan  1 13:35:01 postman CRON[20476]: (root) CMD (command -v debian-sa1 > /dev/null && debian-sa1 1 1)
Jan  1 13:45:01 postman CRON[20492]: (root) CMD (command -v debian-sa1 > /dev/null && debian-sa1 1 1)
Jan  1 13:55:01 postman CRON[20509]: (root) CMD (command -v debian-sa1 > /dev/null && debian-sa1 1 1)
Jan  1 14:05:01 postman CRON[20525]: (root) CMD (command -v debian-sa1 > /dev/null && debian-sa1 1 1)
Jan  1 14:15:01 postman CRON[20541]: (root) CMD (command -v debian-sa1 > /dev/null && debian-sa1 1 1)
Jan  1 14:17:01 postman CRON[20547]: (root) CMD (   cd / && run-parts --report /etc/cron.hourly)
Jan  1 14:25:01 postman CRON[20563]: (root) CMD (command -v debian-sa1 > /dev/null && debian-sa1 1 1)
Jan  1 14:25:39 postman wpa_supplicant[1101]: message repeated 29 times: [ wlan0: CTRL-EVENT-SCAN-STARTED ]
Jan  1 14:26:43 postman wpa_supplicant[1101]: wlan0: WPA: Group rekeying completed with 90:5c:44:1c:bd:54 [GTK=TKIP]
Jan  1 14:27:39 postman wpa_supplicant[1101]: wlan0: CTRL-EVENT-SCAN-STARTED 
Jan  1 14:35:01 postman CRON[20584]: (root) CMD (command -v debian-sa1 > /dev/null && debian-sa1 1 1)
Jan  1 14:45:01 postman CRON[20605]: (root) CMD (command -v debian-sa1 > /dev/null && debian-sa1 1 1)
Jan  1 14:55:01 postman CRON[20622]: (root) CMD (command -v debian-sa1 > /dev/null && debian-sa1 1 1)
Jan  1 15:05:01 postman CRON[20635]: (root) CMD (command -v debian-sa1 > /dev/null && debian-sa1 1 1)
Jan  1 15:15:01 postman CRON[20656]: (root) CMD (command -v debian-sa1 > /dev/null && debian-sa1 1 1)
Jan  1 15:17:01 postman CRON[20659]: (root) CMD (   cd / && run-parts --report /etc/cron.hourly)
Jan  1 15:25:01 postman CRON[20677]: (root) CMD (command -v debian-sa1 > /dev/null && debian-sa1 1 1)
Jan  1 15:25:39 postman wpa_supplicant[1101]: message repeated 29 times: [ wlan0: CTRL-EVENT-SCAN-STARTED ]
Jan  1 15:26:44 postman wpa_supplicant[1101]: wlan0: WPA: Group rekeying completed with 90:5c:44:1c:bd:54 [GTK=TKIP]
Jan  1 15:27:39 postman wpa_supplicant[1101]: wlan0: CTRL-EVENT-SCAN-STARTED 
Jan  1 15:35:01 postman CRON[20694]: (root) CMD (command -v debian-sa1 > /dev/null && debian-sa1 1 1)
Jan  1 15:45:01 postman CRON[20713]: (root) CMD (command -v debian-sa1 > /dev/null && debian-sa1 1 1)
Jan  1 15:55:01 postman CRON[20729]: (root) CMD (command -v debian-sa1 > /dev/null && debian-sa1 1 1)
Jan  1 16:05:01 postman CRON[20768]: (root) CMD (command -v debian-sa1 > /dev/null && debian-sa1 1 1)
Jan  1 07:55:30 postman rsyslogd: message repeated 3 times: [ [origin software="rsyslogd" swVersion="7.4.4" x-pid="1012" x-info="http://www.rsyslog.com"] rsyslogd was HUPed]
Jan  1 16:07:27 postman rsyslogd: [origin software="rsyslogd" swVersion="7.4.4" x-pid="1012" x-info="http://www.rsyslog.com"] exiting on signal 15.
Jan  4 07:19:57 postman rsyslogd: [origin software="rsyslogd" swVersion="7.4.4" x-pid="989" x-info="http://www.rsyslog.com"] start
Jan  4 07:19:57 postman rsyslogd: rsyslogd's groupid changed to 104
Jan  4 07:19:57 postman rsyslogd: rsyslogd's userid changed to 101
Jan  4 07:19:57 postman kernel: [    0.000000] Initializing cgroup subsys cpuset
Jan  4 07:19:57 postman kernel: [    0.000000] Initializing cgroup subsys cpu
Jan  4 07:19:57 postman kernel: [    0.000000] Initializing cgroup subsys cpuacct
Jan  4 07:19:57 postman kernel: [    0.000000] Linux version 3.16.0-77-generic (buildd@lgw01-09) (gcc version 4.8.4 (Ubuntu 4.8.4-2ubuntu1~14.04.3) ) #99~14.04.1-Ubuntu SMP Tue Jun 28 19:17:10 UTC 2016 (Ubuntu 3.16.0-77.99~14.04.1-generic 3.16.7-ckt27)
Jan  4 07:19:57 postman kernel: [    0.000000] Command line: BOOT_IMAGE=/boot/vmlinuz-3.16.0-77-generic root=UUID=0a86363a-7070-4c98-a6b0-b685321c2a30 ro quiet splash crashkernel=384M-:128M crashkernel=384M-:128M crashkernel=384M-:128M crashkernel=384M-:128M
Jan  4 07:19:57 postman kernel: [    0.000000] KERNEL supported cpus:
Jan  4 07:19:57 postman kernel: [    0.000000]   Intel GenuineIntel
Jan  4 07:19:57 postman kernel: [    0.000000]   AMD AuthenticAMD
Jan  4 07:19:57 postman kernel: [    0.000000]   Centaur CentaurHauls
Jan  4 07:19:57 postman kernel: [    0.000000] e820: BIOS-provided physical RAM map:
Jan  4 07:19:57 postman kernel: [    0.000000] BIOS-e820: [mem 0x0000000000000000-0x000000000009e7ff] usable
Jan  4 07:19:57 postman kernel: [    0.000000] BIOS-e820: [mem 0x000000000009e800-0x000000000009ffff] reserved
Jan  4 07:19:57 postman kernel: [    0.000000] BIOS-e820: [mem 0x00000000000e0000-0x00000000000fffff] reserved
Jan  4 07:19:57 postman kernel: [    0.000000] BIOS-e820: [mem 0x0000000000100000-0x00000000ba719fff] usable
Jan  4 07:19:57 postman kernel: [    0.000000] BIOS-e820: [mem 0x00000000ba71a000-0x00000000bab4dfff] reserved
Jan  4 07:19:57 postman kernel: [    0.000000] BIOS-e820: [mem 0x00000000bab4e000-0x00000000bab5dfff] ACPI data
Jan  4 07:19:57 postman kernel: [    0.000000] BIOS-e820: [mem 0x00000000bab5e000-0x00000000bb8c4fff] ACPI NVS
Jan  4 07:19:57 postman kernel: [    0.000000] BIOS-e820: [mem 0x00000000bb8c5000-0x00000000bca4dfff] reserved
Jan  4 07:19:57 postman kernel: [    0.000000] BIOS-e820: [mem 0x00000000bca4e000-0x00000000bca4efff] usable
Jan  4 07:19:57 postman kernel: [    0.000000] BIOS-e820: [mem 0x00000000bca4f000-0x00000000bcc54fff] ACPI NVS
Jan  4 07:19:57 postman kernel: [    0.000000] BIOS-e820: [mem 0x00000000bcc55000-0x00000000bd082fff] usable
Jan  4 07:19:57 postman kernel: [    0.000000] BIOS-e820: [mem 0x00000000bd083000-0x00000000bd7f3fff] reserved
Jan  4 07:19:57 postman kernel: [    0.000000] BIOS-e820: [mem 0x00000000bd7f4000-0x00000000bd7fffff] usable
Jan  4 07:19:57 postman kernel: [    0.000000] BIOS-e820: [mem 0x00000000f8000000-0x00000000fbffffff] reserved
Jan  4 07:19:57 postman kernel: [    0.000000] BIOS-e820: [mem 0x00000000fec00000-0x00000000fec00fff] reserved
Jan  4 07:19:57 postman kernel: [    0.000000] BIOS-e820: [mem 0x00000000fec10000-0x00000000fec10fff] reserved
Jan  4 07:19:57 postman kernel: [    0.000000] BIOS-e820: [mem 0x00000000fec20000-0x00000000fec20fff] reserved
Jan  4 07:19:57 postman kernel: [    0.000000] BIOS-e820: [mem 0x00000000fed00000-0x00000000fed00fff] reserved
Jan  4 07:19:57 postman kernel: [    0.000000] BIOS-e820: [mem 0x00000000fed61000-0x00000000fed70fff] reserved
Jan  4 07:19:57 postman kernel: [    0.000000] BIOS-e820: [mem 0x00000000fed80000-0x00000000fed8ffff] reserved
Jan  4 07:19:57 postman kernel: [    0.000000] BIOS-e820: [mem 0x00000000fef00000-0x00000000ffffffff] reserved
Jan  4 07:19:57 postman kernel: [    0.000000] BIOS-e820: [mem 0x0000000100001000-0x000000083effffff] usable
Jan  4 07:19:57 postman kernel: [    0.000000] NX (Execute Disable) protection: active
Jan  4 07:19:57 postman kernel: [    0.000000] SMBIOS 2.7 present.
Jan  4 07:19:57 postman kernel: [    0.000000] DMI: To be filled by O.E.M. To be filled by O.E.M./SABERTOOTH 990FX R2.0, BIOS 1302 11/14/2012
Jan  4 07:19:57 postman kernel: [    0.000000] e820: update [mem 0x00000000-0x00000fff] usable ==> reserved
Jan  4 07:19:57 postman kernel: [    0.000000] e820: remove [mem 0x000a0000-0x000fffff] usable
Jan  4 07:19:57 postman kernel: [    0.000000] AGP: No AGP bridge found
Jan  4 07:19:57 postman kernel: [    0.000000] e820: last_pfn = 0x83f000 max_arch_pfn = 0x400000000
Jan  4 07:19:57 postman kernel: [    0.000000] MTRR default type: uncachable
Jan  4 07:19:57 postman kernel: [    0.000000] MTRR fixed ranges enabled:
Jan  4 07:19:57 postman kernel: [    0.000000]   00000-9FFFF write-back
Jan  4 07:19:57 postman kernel: [    0.000000]   A0000-BFFFF write-through
Jan  4 07:19:57 postman kernel: [    0.000000]   C0000-CEFFF write-protect
Jan  4 07:19:57 postman kernel: [    0.000000]   CF000-EBFFF uncachable
Jan  4 07:19:57 postman kernel: [    0.000000]   EC000-FFFFF write-protect
Jan  4 07:19:57 postman kernel: [    0.000000] MTRR variable ranges enabled:
Jan  4 07:19:57 postman kernel: [    0.000000]   0 base 000000000000 mask FFFF80000000 write-back
Jan  4 07:19:57 postman kernel: [    0.000000]   1 base 000080000000 mask FFFFC0000000 write-back
Jan  4 07:19:57 postman kernel: [    0.000000]   2 base 0000BD800000 mask FFFFFF800000 uncachable
Jan  4 07:19:57 postman kernel: [    0.000000]   3 base 0000BE000000 mask FFFFFE000000 uncachable
Jan  4 07:19:57 postman kernel: [    0.000000]   4 disabled
Jan  4 07:19:57 postman kernel: [    0.000000]   5 disabled
Jan  4 07:19:57 postman kernel: [    0.000000]   6 disabled
Jan  4 07:19:57 postman kernel: [    0.000000]   7 disabled
Jan  4 07:19:57 postman kernel: [    0.000000] TOM2: 000000083f000000 aka 33776M
Jan  4 07:19:57 postman kernel: [    0.000000] x86 PAT enabled: cpu 0, old 0x7040600070406, new 0x7010600070106
Jan  4 07:19:57 postman kernel: [    0.000000] original variable MTRRs
Jan  4 07:19:57 postman kernel: [    0.000000] reg 0, base: 0GB, range: 2GB, type WB
Jan  4 07:19:57 postman kernel: [    0.000000] reg 1, base: 2GB, range: 1GB, type WB
Jan  4 07:19:57 postman kernel: [    0.000000] reg 2, base: 3032MB, range: 8MB, type UC
Jan  4 07:19:57 postman kernel: [    0.000000] reg 3, base: 3040MB, range: 32MB, type UC
Jan  4 07:19:57 postman kernel: [    0.000000] total RAM covered: 3032M
Jan  4 07:19:57 postman kernel: [    0.000000] Found optimal setting for mtrr clean up
Jan  4 07:19:57 postman kernel: [    0.000000]  gran_size: 64K 	chunk_size: 64M 	num_reg: 4  	lose cover RAM: 0G
Jan  4 07:19:57 postman kernel: [    0.000000] New variable MTRRs
Jan  4 07:19:57 postman kernel: [    0.000000] reg 0, base: 0GB, range: 2GB, type WB
Jan  4 07:19:57 postman kernel: [    0.000000] reg 1, base: 2GB, range: 1GB, type WB
Jan  4 07:19:57 postman kernel: [    0.000000] reg 2, base: 3032MB, range: 8MB, type UC
Jan  4 07:19:57 postman kernel: [    0.000000] reg 3, base: 3040MB, range: 32MB, type UC
Jan  4 07:19:57 postman kernel: [    0.000000] e820: update [mem 0xbd800000-0xffffffff] usable ==> reserved
Jan  4 07:19:57 postman kernel: [    0.000000] e820: last_pfn = 0xbd800 max_arch_pfn = 0x400000000
Jan  4 07:19:57 postman kernel: [    0.000000] Scanning 1 areas for low memory corruption
Jan  4 07:19:57 postman kernel: [    0.000000] Base memory trampoline at [ffff880000098000] 98000 size 24576
Jan  4 07:19:57 postman kernel: [    0.000000] Using GB pages for direct mapping
Jan  4 07:19:57 postman kernel: [    0.000000] init_memory_mapping: [mem 0x00000000-0x000fffff]
Jan  4 07:19:57 postman kernel: [    0.000000]  [mem 0x00000000-0x000fffff] page 4k
Jan  4 07:19:57 postman kernel: [    0.000000] BRK [0x01fbf000, 0x01fbffff] PGTABLE
Jan  4 07:19:57 postman kernel: [    0.000000] BRK [0x01fc0000, 0x01fc0fff] PGTABLE
Jan  4 07:19:57 postman kernel: [    0.000000] BRK [0x01fc1000, 0x01fc1fff] PGTABLE
Jan  4 07:19:57 postman kernel: [    0.000000] init_memory_mapping: [mem 0x83ee00000-0x83effffff]
Jan  4 07:19:57 postman kernel: [    0.000000]  [mem 0x83ee00000-0x83effffff] page 2M
Jan  4 07:19:57 postman kernel: [    0.000000] BRK [0x01fc2000, 0x01fc2fff] PGTABLE
Jan  4 07:19:57 postman kernel: [    0.000000] init_memory_mapping: [mem 0x83c000000-0x83edfffff]
Jan  4 07:19:57 postman kernel: [    0.000000]  [mem 0x83c000000-0x83edfffff] page 2M
Jan  4 07:19:57 postman kernel: [    0.000000] init_memory_mapping: [mem 0x800000000-0x83bffffff]
Jan  4 07:19:57 postman kernel: [    0.000000]  [mem 0x800000000-0x83bffffff] page 2M
Jan  4 07:19:57 postman kernel: [    0.000000] init_memory_mapping: [mem 0x00100000-0xba719fff]
Jan  4 07:19:57 postman kernel: [    0.000000]  [mem 0x00100000-0x001fffff] page 4k
Jan  4 07:19:57 postman kernel: [    0.000000]  [mem 0x00200000-0x3fffffff] page 2M
Jan  4 07:19:57 postman kernel: [    0.000000]  [mem 0x40000000-0x7fffffff] page 1G
Jan  4 07:19:57 postman kernel: [    0.000000]  [mem 0x80000000-0xba5fffff] page 2M
Jan  4 07:19:57 postman kernel: [    0.000000]  [mem 0xba600000-0xba719fff] page 4k
Jan  4 07:19:57 postman kernel: [    0.000000] init_memory_mapping: [mem 0xbca4e000-0xbca4efff]
Jan  4 07:19:57 postman kernel: [    0.000000]  [mem 0xbca4e000-0xbca4efff] page 4k
Jan  4 07:19:57 postman kernel: [    0.000000] BRK [0x01fc3000, 0x01fc3fff] PGTABLE
Jan  4 07:19:57 postman kernel: [    0.000000] init_memory_mapping: [mem 0xbcc55000-0xbd082fff]
Jan  4 07:19:57 postman kernel: [    0.000000]  [mem 0xbcc55000-0xbcdfffff] page 4k
Jan  4 07:19:57 postman kernel: [    0.000000]  [mem 0xbce00000-0xbcffffff] page 2M
Jan  4 07:19:57 postman kernel: [    0.000000]  [mem 0xbd000000-0xbd082fff] page 4k
Jan  4 07:19:57 postman kernel: [    0.000000] BRK [0x01fc4000, 0x01fc4fff] PGTABLE
Jan  4 07:19:57 postman kernel: [    0.000000] init_memory_mapping: [mem 0xbd7f4000-0xbd7fffff]
Jan  4 07:19:57 postman kernel: [    0.000000]  [mem 0xbd7f4000-0xbd7fffff] page 4k
Jan  4 07:19:57 postman kernel: [    0.000000] init_memory_mapping: [mem 0x100001000-0x7ffffffff]
Jan  4 07:19:57 postman kernel: [    0.000000]  [mem 0x100001000-0x1001fffff] page 4k
Jan  4 07:19:57 postman kernel: [    0.000000]  [mem 0x100200000-0x13fffffff] page 2M
Jan  4 07:19:57 postman kernel: [    0.000000]  [mem 0x140000000-0x7ffffffff] page 1G
Jan  4 07:19:57 postman kernel: [    0.000000] RAMDISK: [mem 0x35acc000-0x36d5dfff]
Jan  4 07:19:57 postman kernel: [    0.000000] ACPI: Early table checksum verification disabled
Jan  4 07:19:57 postman kernel: [    0.000000] ACPI: RSDP 0x00000000000F0490 000024 (v02 ALASKA)
Jan  4 07:19:57 postman kernel: [    0.000000] ACPI: XSDT 0x00000000BAB55070 00005C (v01 ALASKA A M I    01072009 AMI  00010013)
Jan  4 07:19:57 postman kernel: [    0.000000] ACPI: FACP 0x00000000BAB5CBF8 00010C (v05 ALASKA A M I    01072009 AMI  00010013)
Jan  4 07:19:57 postman kernel: [    0.000000] ACPI BIOS Warning (bug): Optional FADT field Pm2ControlBlock has zero address or length: 0x0000000000000000/0x1 (20140424/tbfadt-654)
Jan  4 07:19:57 postman kernel: [    0.000000] ACPI: DSDT 0x00000000BAB55168 007A8A (v02 ALASKA A M I    00000000 INTL 20051117)
Jan  4 07:19:57 postman kernel: [    0.000000] ACPI: FACS 0x00000000BB8BFF80 000040
Jan  4 07:19:57 postman kernel: [    0.000000] ACPI: APIC 0x00000000BAB5CD08 00009E (v03 ALASKA A M I    01072009 AMI  00010013)
Jan  4 07:19:57 postman kernel: [    0.000000] ACPI: FPDT 0x00000000BAB5CDA8 000044 (v01 ALASKA A M I    01072009 AMI  00010013)
Jan  4 07:19:57 postman kernel: [    0.000000] ACPI: MCFG 0x00000000BAB5CDF0 00003C (v01 ALASKA A M I    01072009 MSFT 00010013)
Jan  4 07:19:57 postman kernel: [    0.000000] ACPI: HPET 0x00000000BAB5CE30 000038 (v01 ALASKA A M I    01072009 AMI  00000005)
Jan  4 07:19:57 postman kernel: [    0.000000] ACPI: SSDT 0x00000000BAB5CFB8 000304 (v01 AMD    POWERNOW 00000001 AMD  00000001)
Jan  4 07:19:57 postman kernel: [    0.000000] ACPI: IVRS 0x00000000BAB5CEC0 0000F8 (v01 AMD    RD890S   00202031 AMD  00000000)
Jan  4 07:19:57 postman kernel: [    0.000000] ACPI: Local APIC address 0xfee00000
Jan  4 07:19:57 postman kernel: [    0.000000] No NUMA configuration found
Jan  4 07:19:57 postman kernel: [    0.000000] Faking a node at [mem 0x0000000000000000-0x000000083effffff]
Jan  4 07:19:57 postman kernel: [    0.000000] Initmem setup node 0 [mem 0x00000000-0x83effffff]
Jan  4 07:19:57 postman kernel: [    0.000000]   NODE_DATA [mem 0x83eff5000-0x83eff9fff]
Jan  4 07:19:57 postman kernel: [    0.000000] Reserving 128MB of memory at 720MB for crashkernel (System RAM: 32666MB)
Jan  4 07:19:57 postman kernel: [    0.000000]  [ffffea0000000000-ffffea0020ffffff] PMD -> [ffff88081e600000-ffff88083e5fffff] on node 0
Jan  4 07:19:57 postman kernel: [    0.000000] Zone ranges:
Jan  4 07:19:57 postman kernel: [    0.000000]   DMA      [mem 0x00001000-0x00ffffff]
Jan  4 07:19:57 postman kernel: [    0.000000]   DMA32    [mem 0x01000000-0xffffffff]
Jan  4 07:19:57 postman kernel: [    0.000000]   Normal   [mem 0x100000000-0x83effffff]
Jan  4 07:19:57 postman kernel: [    0.000000] Movable zone start for each node
Jan  4 07:19:57 postman kernel: [    0.000000] Early memory node ranges
Jan  4 07:19:57 postman kernel: [    0.000000]   node   0: [mem 0x00001000-0x0009dfff]
Jan  4 07:19:57 postman kernel: [    0.000000]   node   0: [mem 0x00100000-0xba719fff]
Jan  4 07:19:57 postman kernel: [    0.000000]   node   0: [mem 0xbca4e000-0xbca4efff]
Jan  4 07:19:57 postman kernel: [    0.000000]   node   0: [mem 0xbcc55000-0xbd082fff]
Jan  4 07:19:57 postman kernel: [    0.000000]   node   0: [mem 0xbd7f4000-0xbd7fffff]
Jan  4 07:19:57 postman kernel: [    0.000000]   node   0: [mem 0x100001000-0x83effffff]
Jan  4 07:19:57 postman kernel: [    0.000000] On node 0 totalpages: 8362737
Jan  4 07:19:57 postman kernel: [    0.000000]   DMA zone: 64 pages used for memmap
Jan  4 07:19:57 postman kernel: [    0.000000]   DMA zone: 21 pages reserved
Jan  4 07:19:57 postman kernel: [    0.000000]   DMA zone: 3997 pages, LIFO batch:0
Jan  4 07:19:57 postman kernel: [    0.000000]   DMA32 zone: 11886 pages used for memmap
Jan  4 07:19:57 postman kernel: [    0.000000]   DMA32 zone: 760661 pages, LIFO batch:31
Jan  4 07:19:57 postman kernel: [    0.000000]   Normal zone: 118720 pages used for memmap
Jan  4 07:19:57 postman kernel: [    0.000000]   Normal zone: 7598079 pages, LIFO batch:31
Jan  4 07:19:57 postman kernel: [    0.000000] ACPI: PM-Timer IO Port: 0x808
Jan  4 07:19:57 postman kernel: [    0.000000] ACPI: Local APIC address 0xfee00000
Jan  4 07:19:57 postman kernel: [    0.000000] ACPI: LAPIC (acpi_id[0x01] lapic_id[0x10] enabled)
Jan  4 07:19:57 postman kernel: [    0.000000] ACPI: LAPIC (acpi_id[0x02] lapic_id[0x11] enabled)
Jan  4 07:19:57 postman kernel: [    0.000000] ACPI: LAPIC (acpi_id[0x03] lapic_id[0x12] enabled)
Jan  4 07:19:57 postman kernel: [    0.000000] ACPI: LAPIC (acpi_id[0x04] lapic_id[0x13] enabled)
Jan  4 07:19:57 postman kernel: [    0.000000] ACPI: LAPIC (acpi_id[0x05] lapic_id[0x14] enabled)
Jan  4 07:19:57 postman kernel: [    0.000000] ACPI: LAPIC (acpi_id[0x06] lapic_id[0x15] enabled)
Jan  4 07:19:57 postman kernel: [    0.000000] ACPI: LAPIC (acpi_id[0x07] lapic_id[0x16] enabled)
Jan  4 07:19:57 postman kernel: [    0.000000] ACPI: LAPIC (acpi_id[0x08] lapic_id[0x17] enabled)
Jan  4 07:19:57 postman kernel: [    0.000000] ACPI: LAPIC_NMI (acpi_id[0xff] high edge lint[0x1])
Jan  4 07:19:57 postman kernel: [    0.000000] ACPI: IOAPIC (id[0x09] address[0xfec00000] gsi_base[0])
Jan  4 07:19:57 postman kernel: [    0.000000] IOAPIC[0]: apic_id 9, version 33, address 0xfec00000, GSI 0-23
Jan  4 07:19:57 postman kernel: [    0.000000] ACPI: IOAPIC (id[0x0a] address[0xfec20000] gsi_base[24])
Jan  4 07:19:57 postman kernel: [    0.000000] IOAPIC[1]: apic_id 10, version 33, address 0xfec20000, GSI 24-55
Jan  4 07:19:57 postman kernel: [    0.000000] ACPI: INT_SRC_OVR (bus 0 bus_irq 0 global_irq 2 dfl dfl)
Jan  4 07:19:57 postman kernel: [    0.000000] ACPI: INT_SRC_OVR (bus 0 bus_irq 9 global_irq 9 low level)
Jan  4 07:19:57 postman kernel: [    0.000000] ACPI: IRQ0 used by override.
Jan  4 07:19:57 postman kernel: [    0.000000] ACPI: IRQ2 used by override.
Jan  4 07:19:57 postman kernel: [    0.000000] ACPI: IRQ9 used by override.
Jan  4 07:19:57 postman kernel: [    0.000000] Using ACPI (MADT) for SMP configuration information
Jan  4 07:19:57 postman kernel: [    0.000000] ACPI: HPET id: 0x43538210 base: 0xfed00000
Jan  4 07:19:57 postman kernel: [    0.000000] smpboot: Allowing 8 CPUs, 0 hotplug CPUs
Jan  4 07:19:57 postman kernel: [    0.000000] nr_irqs_gsi: 72
Jan  4 07:19:57 postman kernel: [    0.000000] PM: Registered nosave memory: [mem 0x0009e000-0x0009efff]
Jan  4 07:19:57 postman kernel: [    0.000000] PM: Registered nosave memory: [mem 0x0009f000-0x0009ffff]
Jan  4 07:19:57 postman kernel: [    0.000000] PM: Registered nosave memory: [mem 0x000a0000-0x000dffff]
Jan  4 07:19:57 postman kernel: [    0.000000] PM: Registered nosave memory: [mem 0x000e0000-0x000fffff]
Jan  4 07:19:57 postman kernel: [    0.000000] PM: Registered nosave memory: [mem 0xba71a000-0xbab4dfff]
Jan  4 07:19:57 postman kernel: [    0.000000] PM: Registered nosave memory: [mem 0xbab4e000-0xbab5dfff]
Jan  4 07:19:57 postman kernel: [    0.000000] PM: Registered nosave memory: [mem 0xbab5e000-0xbb8c4fff]
Jan  4 07:19:57 postman kernel: [    0.000000] PM: Registered nosave memory: [mem 0xbb8c5000-0xbca4dfff]
Jan  4 07:19:57 postman kernel: [    0.000000] PM: Registered nosave memory: [mem 0xbca4f000-0xbcc54fff]
Jan  4 07:19:57 postman kernel: [    0.000000] PM: Registered nosave memory: [mem 0xbd083000-0xbd7f3fff]
Jan  4 07:19:57 postman kernel: [    0.000000] PM: Registered nosave memory: [mem 0xbd800000-0xf7ffffff]
Jan  4 07:19:57 postman kernel: [    0.000000] PM: Registered nosave memory: [mem 0xf8000000-0xfbffffff]
Jan  4 07:19:57 postman kernel: [    0.000000] PM: Registered nosave memory: [mem 0xfc000000-0xfebfffff]
Jan  4 07:19:57 postman kernel: [    0.000000] PM: Registered nosave memory: [mem 0xfec00000-0xfec00fff]
Jan  4 07:19:57 postman kernel: [    0.000000] PM: Registered nosave memory: [mem 0xfec01000-0xfec0ffff]
Jan  4 07:19:57 postman kernel: [    0.000000] PM: Registered nosave memory: [mem 0xfec10000-0xfec10fff]
Jan  4 07:19:57 postman kernel: [    0.000000] PM: Registered nosave memory: [mem 0xfec11000-0xfec1ffff]
Jan  4 07:19:57 postman kernel: [    0.000000] PM: Registered nosave memory: [mem 0xfec20000-0xfec20fff]
Jan  4 07:19:57 postman kernel: [    0.000000] PM: Registered nosave memory: [mem 0xfec21000-0xfecfffff]
Jan  4 07:19:57 postman kernel: [    0.000000] PM: Registered nosave memory: [mem 0xfed00000-0xfed00fff]
Jan  4 07:19:57 postman kernel: [    0.000000] PM: Registered nosave memory: [mem 0xfed01000-0xfed60fff]
Jan  4 07:19:57 postman kernel: [    0.000000] PM: Registered nosave memory: [mem 0xfed61000-0xfed70fff]
Jan  4 07:19:57 postman kernel: [    0.000000] PM: Registered nosave memory: [mem 0xfed71000-0xfed7ffff]
Jan  4 07:19:57 postman kernel: [    0.000000] PM: Registered nosave memory: [mem 0xfed80000-0xfed8ffff]
Jan  4 07:19:57 postman kernel: [    0.000000] PM: Registered nosave memory: [mem 0xfed90000-0xfeefffff]
Jan  4 07:19:57 postman kernel: [    0.000000] PM: Registered nosave memory: [mem 0xfef00000-0xffffffff]
Jan  4 07:19:57 postman kernel: [    0.000000] PM: Registered nosave memory: [mem 0x100000000-0x100000fff]
Jan  4 07:19:57 postman kernel: [    0.000000] e820: [mem 0xbd800000-0xf7ffffff] available for PCI devices
Jan  4 07:19:57 postman kernel: [    0.000000] Booting paravirtualized kernel on bare hardware
Jan  4 07:19:57 postman kernel: [    0.000000] setup_percpu: NR_CPUS:256 nr_cpumask_bits:256 nr_cpu_ids:8 nr_node_ids:1
Jan  4 07:19:57 postman kernel: [    0.000000] PERCPU: Embedded 27 pages/cpu @ffff88083ec00000 s81408 r8192 d20992 u262144
Jan  4 07:19:57 postman kernel: [    0.000000] pcpu-alloc: s81408 r8192 d20992 u262144 alloc=1*2097152
Jan  4 07:19:57 postman kernel: [    0.000000] pcpu-alloc: [0] 0 1 2 3 4 5 6 7 
Jan  4 07:19:57 postman kernel: [    0.000000] Built 1 zonelists in Zone order, mobility grouping on.  Total pages: 8232046
Jan  4 07:19:57 postman kernel: [    0.000000] Policy zone: Normal
Jan  4 07:19:57 postman kernel: [    0.000000] Kernel command line: BOOT_IMAGE=/boot/vmlinuz-3.16.0-77-generic root=UUID=0a86363a-7070-4c98-a6b0-b685321c2a30 ro quiet splash crashkernel=384M-:128M crashkernel=384M-:128M crashkernel=384M-:128M crashkernel=384M-:128M
Jan  4 07:19:57 postman kernel: [    0.000000] PID hash table entries: 4096 (order: 3, 32768 bytes)
Jan  4 07:19:57 postman kernel: [    0.000000] xsave: enabled xstate_bv 0x7, cntxt size 0x340
Jan  4 07:19:57 postman kernel: [    0.000000] AGP: Checking aperture...
Jan  4 07:19:57 postman kernel: [    0.000000] AGP: No AGP bridge found
Jan  4 07:19:57 postman kernel: [    0.000000] AGP: Node 0: aperture [bus addr 0xf8000000-0xfbffffff] (64MB)
Jan  4 07:19:57 postman kernel: [    0.000000] Memory: 32693116K/33450948K available (7658K kernel code, 1133K rwdata, 3620K rodata, 1356K init, 1300K bss, 757832K reserved)
Jan  4 07:19:57 postman kernel: [    0.000000] SLUB: HWalign=64, Order=0-3, MinObjects=0, CPUs=8, Nodes=1
Jan  4 07:19:57 postman kernel: [    0.000000] Hierarchical RCU implementation.
Jan  4 07:19:57 postman kernel: [    0.000000] 	RCU dyntick-idle grace-period acceleration is enabled.
Jan  4 07:19:57 postman kernel: [    0.000000] 	RCU restricting CPUs from NR_CPUS=256 to nr_cpu_ids=8.
Jan  4 07:19:57 postman kernel: [    0.000000] 	Offload RCU callbacks from all CPUs
Jan  4 07:19:57 postman kernel: [    0.000000] 	Offload RCU callbacks from CPUs: 0-7.
Jan  4 07:19:57 postman kernel: [    0.000000] RCU: Adjusting geometry for rcu_fanout_leaf=16, nr_cpu_ids=8
Jan  4 07:19:57 postman kernel: [    0.000000] NR_IRQS:16640 nr_irqs:1288 16
Jan  4 07:19:57 postman kernel: [    0.000000] spurious 8259A interrupt: IRQ7.
Jan  4 07:19:57 postman kernel: [    0.000000] Console: colour VGA+ 80x25
Jan  4 07:19:57 postman kernel: [    0.000000] console [tty0] enabled
Jan  4 07:19:57 postman kernel: [    0.000000] allocated 134217728 bytes of page_cgroup
Jan  4 07:19:57 postman kernel: [    0.000000] please try 'cgroup_disable=memory' option if you don't want memory cgroups
Jan  4 07:19:57 postman kernel: [    0.000000] hpet clockevent registered
Jan  4 07:19:57 postman kernel: [    0.000000] tsc: Fast TSC calibration using PIT
Jan  4 07:19:57 postman kernel: [    0.000000] tsc: Detected 4013.168 MHz processor
Jan  4 07:19:57 postman kernel: [    0.000022] Calibrating delay loop (skipped), value calculated using timer frequency.. 8026.33 BogoMIPS (lpj=16052672)
Jan  4 07:19:57 postman kernel: [    0.000024] pid_max: default: 32768 minimum: 301
Jan  4 07:19:57 postman kernel: [    0.000031] ACPI: Core revision 20140424
Jan  4 07:19:57 postman kernel: [    0.002742] ACPI: All ACPI Tables successfully acquired
Jan  4 07:19:57 postman kernel: [    0.002763] Security Framework initialized
Jan  4 07:19:57 postman kernel: [    0.002779] AppArmor: AppArmor initialized
Jan  4 07:19:57 postman kernel: [    0.002780] Yama: becoming mindful.
Jan  4 07:19:57 postman kernel: [    0.004715] Dentry cache hash table entries: 4194304 (order: 13, 33554432 bytes)
Jan  4 07:19:57 postman kernel: [    0.011900] Inode-cache hash table entries: 2097152 (order: 12, 16777216 bytes)
Jan  4 07:19:57 postman kernel: [    0.015127] Mount-cache hash table entries: 65536 (order: 7, 524288 bytes)
Jan  4 07:19:57 postman kernel: [    0.015159] Mountpoint-cache hash table entries: 65536 (order: 7, 524288 bytes)
Jan  4 07:19:57 postman kernel: [    0.015515] Initializing cgroup subsys memory
Jan  4 07:19:57 postman kernel: [    0.015534] Initializing cgroup subsys devices
Jan  4 07:19:57 postman kernel: [    0.015539] Initializing cgroup subsys freezer
Jan  4 07:19:57 postman kernel: [    0.015542] Initializing cgroup subsys net_cls
Jan  4 07:19:57 postman kernel: [    0.015546] Initializing cgroup subsys blkio
Jan  4 07:19:57 postman kernel: [    0.015549] Initializing cgroup subsys perf_event
Jan  4 07:19:57 postman kernel: [    0.015551] Initializing cgroup subsys net_prio
Jan  4 07:19:57 postman kernel: [    0.015556] Initializing cgroup subsys hugetlb
Jan  4 07:19:57 postman kernel: [    0.015574] tseg: 00bd800000
Jan  4 07:19:57 postman kernel: [    0.015575] CPU: Physical Processor ID: 0
Jan  4 07:19:57 postman kernel: [    0.015576] CPU: Processor Core ID: 0
Jan  4 07:19:57 postman kernel: [    0.015577] mce: CPU supports 7 MCE banks
Jan  4 07:19:57 postman kernel: [    0.015583] LVT offset 1 assigned for vector 0xf9
Jan  4 07:19:57 postman kernel: [    0.015588] Last level iTLB entries: 4KB 512, 2MB 1024, 4MB 512
Jan  4 07:19:57 postman kernel: [    0.015588] Last level dTLB entries: 4KB 1024, 2MB 1024, 4MB 512, 1GB 0
Jan  4 07:19:57 postman kernel: [    0.015588] tlb_flushall_shift: 6
Jan  4 07:19:57 postman kernel: [    0.015673] Freeing SMP alternatives memory: 32K (ffffffff81e70000 - ffffffff81e78000)
Jan  4 07:19:57 postman kernel: [    0.283830] ftrace: allocating 29318 entries in 115 pages
Jan  4 07:19:57 postman kernel: [    0.291894] [Firmware Bug]: AMD-Vi: IOAPIC[9] not in IVRS table
Jan  4 07:19:57 postman kernel: [    0.291947] [Firmware Bug]: AMD-Vi: IOAPIC[10] not in IVRS table
Jan  4 07:19:57 postman kernel: [    0.291991] [Firmware Bug]: AMD-Vi: No southbridge IOAPIC found
Jan  4 07:19:57 postman kernel: [    0.292034] AMD-Vi: Disabling interrupt remapping
Jan  4 07:19:57 postman kernel: [    0.292477] ..TIMER: vector=0x30 apic1=0 pin1=2 apic2=-1 pin2=-1
Jan  4 07:19:57 postman kernel: [    0.332137] smpboot: CPU0: AMD FX(tm)-8350 Eight-Core Processor (fam: 15, model: 02, stepping: 00)
Jan  4 07:19:57 postman kernel: [    0.439882] Performance Events: Fam15h core perfctr, AMD PMU driver.
Jan  4 07:19:57 postman kernel: [    0.439886] ... version:                0
Jan  4 07:19:57 postman kernel: [    0.439887] ... bit width:              48
Jan  4 07:19:57 postman kernel: [    0.439888] ... generic registers:      6
Jan  4 07:19:57 postman kernel: [    0.439889] ... value mask:             0000ffffffffffff
Jan  4 07:19:57 postman kernel: [    0.439889] ... max period:             00007fffffffffff
Jan  4 07:19:57 postman kernel: [    0.439890] ... fixed-purpose events:   0
Jan  4 07:19:57 postman kernel: [    0.439891] ... event mask:             000000000000003f
Jan  4 07:19:57 postman kernel: [    0.441346] NMI watchdog: enabled on all CPUs, permanently consumes one hw-PMU counter.
Jan  4 07:19:57 postman kernel: [    0.441412] x86: Booting SMP configuration:
Jan  4 07:19:57 postman kernel: [    0.441414] .... node  #0, CPUs:      #1 #2 #3 #4 #5 #6 #7
Jan  4 07:19:57 postman kernel: [    0.533355] x86: Booted up 1 node, 8 CPUs
Jan  4 07:19:57 postman kernel: [    0.533358] smpboot: Total of 8 processors activated (64210.68 BogoMIPS)
Jan  4 07:19:57 postman kernel: [    0.542533] devtmpfs: initialized
Jan  4 07:19:57 postman kernel: [    0.548086] evm: security.selinux
Jan  4 07:19:57 postman kernel: [    0.548088] evm: security.SMACK64
Jan  4 07:19:57 postman kernel: [    0.548089] evm: security.SMACK64EXEC
Jan  4 07:19:57 postman kernel: [    0.548089] evm: security.SMACK64TRANSMUTE
Jan  4 07:19:57 postman kernel: [    0.548090] evm: security.SMACK64MMAP
Jan  4 07:19:57 postman kernel: [    0.548091] evm: security.ima
Jan  4 07:19:57 postman kernel: [    0.548092] evm: security.capability
Jan  4 07:19:57 postman kernel: [    0.548171] PM: Registering ACPI NVS region [mem 0xbab5e000-0xbb8c4fff] (14053376 bytes)
Jan  4 07:19:57 postman kernel: [    0.548370] PM: Registering ACPI NVS region [mem 0xbca4f000-0xbcc54fff] (2121728 bytes)
Jan  4 07:19:57 postman kernel: [    0.549184] pinctrl core: initialized pinctrl subsystem
Jan  4 07:19:57 postman kernel: [    0.549251] regulator-dummy: no parameters
Jan  4 07:19:57 postman kernel: [    0.549277] RTC time:  7:19:52, date: 01/04/17
Jan  4 07:19:57 postman kernel: [    0.549327] NET: Registered protocol family 16
Jan  4 07:19:57 postman kernel: [    0.549483] cpuidle: using governor ladder
Jan  4 07:19:57 postman kernel: [    0.549485] cpuidle: using governor menu
Jan  4 07:19:57 postman kernel: [    0.549569] ACPI: bus type PCI registered
Jan  4 07:19:57 postman kernel: [    0.549571] acpiphp: ACPI Hot Plug PCI Controller Driver version: 0.5
Jan  4 07:19:57 postman kernel: [    0.549638] PCI: MMCONFIG for domain 0000 [bus 00-ff] at [mem 0xe0000000-0xefffffff] (base 0xe0000000)
Jan  4 07:19:57 postman kernel: [    0.549640] PCI: not using MMCONFIG
Jan  4 07:19:57 postman kernel: [    0.549641] PCI: Using configuration type 1 for base access
Jan  4 07:19:57 postman kernel: [    0.549641] PCI: Using configuration type 1 for extended access
Jan  4 07:19:57 postman kernel: [    0.552289] ACPI: Added _OSI(Module Device)
Jan  4 07:19:57 postman kernel: [    0.552291] ACPI: Added _OSI(Processor Device)
Jan  4 07:19:57 postman kernel: [    0.552292] ACPI: Added _OSI(3.0 _SCP Extensions)
Jan  4 07:19:57 postman kernel: [    0.552293] ACPI: Added _OSI(Processor Aggregator Device)
Jan  4 07:19:57 postman kernel: [    0.554069] ACPI: Executed 2 blocks of module-level executable AML code
Jan  4 07:19:57 postman kernel: [    0.560299] ACPI: Interpreter enabled
Jan  4 07:19:57 postman kernel: [    0.560305] ACPI Exception: AE_NOT_FOUND, While evaluating Sleep State [\_S1_] (20140424/hwxface-580)
Jan  4 07:19:57 postman kernel: [    0.560308] ACPI Exception: AE_NOT_FOUND, While evaluating Sleep State [\_S2_] (20140424/hwxface-580)
Jan  4 07:19:57 postman kernel: [    0.560322] ACPI: (supports S0 S3 S4 S5)
Jan  4 07:19:57 postman kernel: [    0.560324] ACPI: Using IOAPIC for interrupt routing
Jan  4 07:19:57 postman kernel: [    0.560449] PCI: MMCONFIG for domain 0000 [bus 00-ff] at [mem 0xe0000000-0xefffffff] (base 0xe0000000)
Jan  4 07:19:57 postman kernel: [    0.560485] PCI: MMCONFIG at [mem 0xe0000000-0xefffffff] reserved in ACPI motherboard resources
Jan  4 07:19:57 postman kernel: [    0.560772] PCI: Using host bridge windows from ACPI; if necessary, use "pci=nocrs" and report a bug
Jan  4 07:19:57 postman kernel: [    0.598888] ACPI: PCI Root Bridge [PCI0] (domain 0000 [bus 00-ff])
Jan  4 07:19:57 postman kernel: [    0.598893] acpi PNP0A03:00: _OSC: OS supports [ExtendedConfig ASPM ClockPM Segments MSI]
Jan  4 07:19:57 postman kernel: [    0.598897] acpi PNP0A03:00: _OSC failed (AE_NOT_FOUND); disabling ASPM
Jan  4 07:19:57 postman kernel: [    0.599353] PCI host bridge to bus 0000:00
Jan  4 07:19:57 postman kernel: [    0.599356] pci_bus 0000:00: root bus resource [bus 00-ff]
Jan  4 07:19:57 postman kernel: [    0.599357] pci_bus 0000:00: root bus resource [io  0x0000-0x03af]
Jan  4 07:19:57 postman kernel: [    0.599359] pci_bus 0000:00: root bus resource [io  0x03e0-0x0cf7]
Jan  4 07:19:57 postman kernel: [    0.599360] pci_bus 0000:00: root bus resource [io  0x03b0-0x03df]
Jan  4 07:19:57 postman kernel: [    0.599362] pci_bus 0000:00: root bus resource [io  0x0d00-0xffff]
Jan  4 07:19:57 postman kernel: [    0.599363] pci_bus 0000:00: root bus resource [mem 0x000a0000-0x000bffff]
Jan  4 07:19:57 postman kernel: [    0.599365] pci_bus 0000:00: root bus resource [mem 0x000c0000-0x000dffff]
Jan  4 07:19:57 postman kernel: [    0.599366] pci_bus 0000:00: root bus resource [mem 0xc0000000-0xffffffff]
Jan  4 07:19:57 postman kernel: [    0.599376] pci 0000:00:00.0: [1002:5a14] type 00 class 0x060000
Jan  4 07:19:57 postman kernel: [    0.599488] pci 0000:00:00.2: [1002:5a23] type 00 class 0x080600
Jan  4 07:19:57 postman kernel: [    0.599592] pci 0000:00:02.0: [1002:5a16] type 01 class 0x060400
Jan  4 07:19:57 postman kernel: [    0.599626] pci 0000:00:02.0: PME# supported from D0 D3hot D3cold
Jan  4 07:19:57 postman kernel: [    0.599673] pci 0000:00:02.0: System wakeup disabled by ACPI
Jan  4 07:19:57 postman kernel: [    0.599708] pci 0000:00:04.0: [1002:5a18] type 01 class 0x060400
Jan  4 07:19:57 postman kernel: [    0.599740] pci 0000:00:04.0: PME# supported from D0 D3hot D3cold
Jan  4 07:19:57 postman kernel: [    0.599790] pci 0000:00:04.0: System wakeup disabled by ACPI
Jan  4 07:19:57 postman kernel: [    0.599824] pci 0000:00:05.0: [1002:5a19] type 01 class 0x060400
Jan  4 07:19:57 postman kernel: [    0.599856] pci 0000:00:05.0: PME# supported from D0 D3hot D3cold
Jan  4 07:19:57 postman kernel: [    0.599903] pci 0000:00:05.0: System wakeup disabled by ACPI
Jan  4 07:19:57 postman kernel: [    0.599941] pci 0000:00:09.0: [1002:5a1c] type 01 class 0x060400
Jan  4 07:19:57 postman kernel: [    0.599973] pci 0000:00:09.0: PME# supported from D0 D3hot D3cold
Jan  4 07:19:57 postman kernel: [    0.600019] pci 0000:00:09.0: System wakeup disabled by ACPI
Jan  4 07:19:57 postman kernel: [    0.600054] pci 0000:00:0a.0: [1002:5a1d] type 01 class 0x060400
Jan  4 07:19:57 postman kernel: [    0.600086] pci 0000:00:0a.0: PME# supported from D0 D3hot D3cold
Jan  4 07:19:57 postman kernel: [    0.600132] pci 0000:00:0a.0: System wakeup disabled by ACPI
Jan  4 07:19:57 postman kernel: [    0.600166] pci 0000:00:0b.0: [1002:5a1f] type 01 class 0x060400
Jan  4 07:19:57 postman kernel: [    0.600199] pci 0000:00:0b.0: PME# supported from D0 D3hot D3cold
Jan  4 07:19:57 postman kernel: [    0.600246] pci 0000:00:0b.0: System wakeup disabled by ACPI
Jan  4 07:19:57 postman kernel: [    0.600281] pci 0000:00:0d.0: [1002:5a1e] type 01 class 0x060400
Jan  4 07:19:57 postman kernel: [    0.600314] pci 0000:00:0d.0: PME# supported from D0 D3hot D3cold
Jan  4 07:19:57 postman kernel: [    0.600361] pci 0000:00:0d.0: System wakeup disabled by ACPI
Jan  4 07:19:57 postman kernel: [    0.600401] pci 0000:00:11.0: [1002:4391] type 00 class 0x010601
Jan  4 07:19:57 postman kernel: [    0.600416] pci 0000:00:11.0: reg 0x10: [io  0xf040-0xf047]
Jan  4 07:19:57 postman kernel: [    0.600423] pci 0000:00:11.0: reg 0x14: [io  0xf030-0xf033]
Jan  4 07:19:57 postman kernel: [    0.600430] pci 0000:00:11.0: reg 0x18: [io  0xf020-0xf027]
Jan  4 07:19:57 postman kernel: [    0.600437] pci 0000:00:11.0: reg 0x1c: [io  0xf010-0xf013]
Jan  4 07:19:57 postman kernel: [    0.600444] pci 0000:00:11.0: reg 0x20: [io  0xf000-0xf00f]
Jan  4 07:19:57 postman kernel: [    0.600478] pci 0000:00:11.0: reg 0x24: [mem 0xfe70b000-0xfe70b3ff]
Jan  4 07:19:57 postman kernel: [    0.600582] pci 0000:00:12.0: [1002:4397] type 00 class 0x0c0310
Jan  4 07:19:57 postman kernel: [    0.600592] pci 0000:00:12.0: reg 0x10: [mem 0xfe70a000-0xfe70afff]
Jan  4 07:19:57 postman kernel: [    0.600673] pci 0000:00:12.0: System wakeup disabled by ACPI
Jan  4 07:19:57 postman kernel: [    0.600712] pci 0000:00:12.2: [1002:4396] type 00 class 0x0c0320
Jan  4 07:19:57 postman kernel: [    0.600726] pci 0000:00:12.2: reg 0x10: [mem 0xfe709000-0xfe7090ff]
Jan  4 07:19:57 postman kernel: [    0.600787] pci 0000:00:12.2: supports D1 D2
Jan  4 07:19:57 postman kernel: [    0.600788] pci 0000:00:12.2: PME# supported from D0 D1 D2 D3hot
Jan  4 07:19:57 postman kernel: [    0.600835] pci 0000:00:12.2: System wakeup disabled by ACPI
Jan  4 07:19:57 postman kernel: [    0.600874] pci 0000:00:13.0: [1002:4397] type 00 class 0x0c0310
Jan  4 07:19:57 postman kernel: [    0.600884] pci 0000:00:13.0: reg 0x10: [mem 0xfe708000-0xfe708fff]
Jan  4 07:19:57 postman kernel: [    0.600967] pci 0000:00:13.0: System wakeup disabled by ACPI
Jan  4 07:19:57 postman kernel: [    0.601006] pci 0000:00:13.2: [1002:4396] type 00 class 0x0c0320
Jan  4 07:19:57 postman kernel: [    0.601020] pci 0000:00:13.2: reg 0x10: [mem 0xfe707000-0xfe7070ff]
Jan  4 07:19:57 postman kernel: [    0.601081] pci 0000:00:13.2: supports D1 D2
Jan  4 07:19:57 postman kernel: [    0.601082] pci 0000:00:13.2: PME# supported from D0 D1 D2 D3hot
Jan  4 07:19:57 postman kernel: [    0.601129] pci 0000:00:13.2: System wakeup disabled by ACPI
Jan  4 07:19:57 postman kernel: [    0.601169] pci 0000:00:14.0: [1002:4385] type 00 class 0x0c0500
Jan  4 07:19:57 postman kernel: [    0.601286] pci 0000:00:14.2: [1002:4383] type 00 class 0x040300
Jan  4 07:19:57 postman kernel: [    0.601302] pci 0000:00:14.2: reg 0x10: [mem 0xfe700000-0xfe703fff 64bit]
Jan  4 07:19:57 postman kernel: [    0.601351] pci 0000:00:14.2: PME# supported from D0 D3hot D3cold
Jan  4 07:19:57 postman kernel: [    0.601395] pci 0000:00:14.2: System wakeup disabled by ACPI
Jan  4 07:19:57 postman kernel: [    0.601429] pci 0000:00:14.3: [1002:439d] type 00 class 0x060100
Jan  4 07:19:57 postman kernel: [    0.601544] pci 0000:00:14.4: [1002:4384] type 01 class 0x060401
Jan  4 07:19:57 postman kernel: [    0.601609] pci 0000:00:14.4: System wakeup disabled by ACPI
Jan  4 07:19:57 postman kernel: [    0.601642] pci 0000:00:14.5: [1002:4399] type 00 class 0x0c0310
Jan  4 07:19:57 postman kernel: [    0.601652] pci 0000:00:14.5: reg 0x10: [mem 0xfe706000-0xfe706fff]
Jan  4 07:19:57 postman kernel: [    0.601760] pci 0000:00:14.5: System wakeup disabled by ACPI
Jan  4 07:19:57 postman kernel: [    0.601799] pci 0000:00:15.0: [1002:43a0] type 01 class 0x060400
Jan  4 07:19:57 postman kernel: [    0.601855] pci 0000:00:15.0: supports D1 D2
Jan  4 07:19:57 postman kernel: [    0.601904] pci 0000:00:15.0: System wakeup disabled by ACPI
Jan  4 07:19:57 postman kernel: [    0.601941] pci 0000:00:15.1: [1002:43a1] type 01 class 0x060400
Jan  4 07:19:57 postman kernel: [    0.601997] pci 0000:00:15.1: supports D1 D2
Jan  4 07:19:57 postman kernel: [    0.602047] pci 0000:00:15.1: System wakeup disabled by ACPI
Jan  4 07:19:57 postman kernel: [    0.602084] pci 0000:00:15.2: [1002:43a2] type 01 class 0x060400
Jan  4 07:19:57 postman kernel: [    0.602139] pci 0000:00:15.2: supports D1 D2
Jan  4 07:19:57 postman kernel: [    0.602188] pci 0000:00:15.2: System wakeup disabled by ACPI
Jan  4 07:19:57 postman kernel: [    0.602227] pci 0000:00:15.3: [1002:43a3] type 01 class 0x060400
Jan  4 07:19:57 postman kernel: [    0.602282] pci 0000:00:15.3: supports D1 D2
Jan  4 07:19:57 postman kernel: [    0.602331] pci 0000:00:15.3: System wakeup disabled by ACPI
Jan  4 07:19:57 postman kernel: [    0.602368] pci 0000:00:16.0: [1002:4397] type 00 class 0x0c0310
Jan  4 07:19:57 postman kernel: [    0.602379] pci 0000:00:16.0: reg 0x10: [mem 0xfe705000-0xfe705fff]
Jan  4 07:19:57 postman kernel: [    0.602460] pci 0000:00:16.0: System wakeup disabled by ACPI
Jan  4 07:19:57 postman kernel: [    0.602498] pci 0000:00:16.2: [1002:4396] type 00 class 0x0c0320
Jan  4 07:19:57 postman kernel: [    0.602513] pci 0000:00:16.2: reg 0x10: [mem 0xfe704000-0xfe7040ff]
Jan  4 07:19:57 postman kernel: [    0.602573] pci 0000:00:16.2: supports D1 D2
Jan  4 07:19:57 postman kernel: [    0.602575] pci 0000:00:16.2: PME# supported from D0 D1 D2 D3hot
Jan  4 07:19:57 postman kernel: [    0.602621] pci 0000:00:16.2: System wakeup disabled by ACPI
Jan  4 07:19:57 postman kernel: [    0.602658] pci 0000:00:18.0: [1022:1600] type 00 class 0x060000
Jan  4 07:19:57 postman kernel: [    0.602734] pci 0000:00:18.1: [1022:1601] type 00 class 0x060000
Jan  4 07:19:57 postman kernel: [    0.602806] pci 0000:00:18.2: [1022:1602] type 00 class 0x060000
Jan  4 07:19:57 postman kernel: [    0.602877] pci 0000:00:18.3: [1022:1603] type 00 class 0x060000
Jan  4 07:19:57 postman kernel: [    0.602951] pci 0000:00:18.4: [1022:1604] type 00 class 0x060000
Jan  4 07:19:57 postman kernel: [    0.603022] pci 0000:00:18.5: [1022:1605] type 00 class 0x060000
Jan  4 07:19:57 postman kernel: [    0.603304] pci 0000:01:00.0: [10de:11c6] type 00 class 0x030000
Jan  4 07:19:57 postman kernel: [    0.603315] pci 0000:01:00.0: reg 0x10: [mem 0xfd000000-0xfdffffff]
Jan  4 07:19:57 postman kernel: [    0.603325] pci 0000:01:00.0: reg 0x14: [mem 0xc0000000-0xcfffffff 64bit pref]
Jan  4 07:19:57 postman kernel: [    0.603335] pci 0000:01:00.0: reg 0x1c: [mem 0xd0000000-0xd1ffffff 64bit pref]
Jan  4 07:19:57 postman kernel: [    0.603341] pci 0000:01:00.0: reg 0x24: [io  0xe000-0xe07f]
Jan  4 07:19:57 postman kernel: [    0.603348] pci 0000:01:00.0: reg 0x30: [mem 0xfe000000-0xfe07ffff pref]
Jan  4 07:19:57 postman kernel: [    0.603443] pci 0000:01:00.1: [10de:0e0b] type 00 class 0x040300
Jan  4 07:19:57 postman kernel: [    0.603454] pci 0000:01:00.1: reg 0x10: [mem 0xfe080000-0xfe083fff]
Jan  4 07:19:57 postman kernel: [    0.607810] pci 0000:00:02.0: PCI bridge to [bus 01]
Jan  4 07:19:57 postman kernel: [    0.607814] pci 0000:00:02.0:   bridge window [io  0xe000-0xefff]
Jan  4 07:19:57 postman kernel: [    0.607816] pci 0000:00:02.0:   bridge window [mem 0xfd000000-0xfe0fffff]
Jan  4 07:19:57 postman kernel: [    0.607819] pci 0000:00:02.0:   bridge window [mem 0xc0000000-0xd1ffffff 64bit pref]
Jan  4 07:19:57 postman kernel: [    0.608023] pci 0000:02:00.0: [1b21:0612] type 00 class 0x010601
Jan  4 07:19:57 postman kernel: [    0.608035] pci 0000:02:00.0: reg 0x10: [io  0xd050-0xd057]
Jan  4 07:19:57 postman kernel: [    0.608043] pci 0000:02:00.0: reg 0x14: [io  0xd040-0xd043]
Jan  4 07:19:57 postman kernel: [    0.608050] pci 0000:02:00.0: reg 0x18: [io  0xd030-0xd037]
Jan  4 07:19:57 postman kernel: [    0.608057] pci 0000:02:00.0: reg 0x1c: [io  0xd020-0xd023]
Jan  4 07:19:57 postman kernel: [    0.608064] pci 0000:02:00.0: reg 0x20: [io  0xd000-0xd01f]
Jan  4 07:19:57 postman kernel: [    0.608071] pci 0000:02:00.0: reg 0x24: [mem 0xfe600000-0xfe6001ff]
Jan  4 07:19:57 postman kernel: [    0.615803] pci 0000:00:04.0: PCI bridge to [bus 02]
Jan  4 07:19:57 postman kernel: [    0.615806] pci 0000:00:04.0:   bridge window [io  0xd000-0xdfff]
Jan  4 07:19:57 postman kernel: [    0.615809] pci 0000:00:04.0:   bridge window [mem 0xfe600000-0xfe6fffff]
Jan  4 07:19:57 postman kernel: [    0.615857] pci 0000:03:00.0: [1b21:0612] type 00 class 0x010601
Jan  4 07:19:57 postman kernel: [    0.615869] pci 0000:03:00.0: reg 0x10: [io  0xc050-0xc057]
Jan  4 07:19:57 postman kernel: [    0.615876] pci 0000:03:00.0: reg 0x14: [io  0xc040-0xc043]
Jan  4 07:19:57 postman kernel: [    0.615883] pci 0000:03:00.0: reg 0x18: [io  0xc030-0xc037]
Jan  4 07:19:57 postman kernel: [    0.615890] pci 0000:03:00.0: reg 0x1c: [io  0xc020-0xc023]
Jan  4 07:19:57 postman kernel: [    0.615898] pci 0000:03:00.0: reg 0x20: [io  0xc000-0xc01f]
Jan  4 07:19:57 postman kernel: [    0.615905] pci 0000:03:00.0: reg 0x24: [mem 0xfe500000-0xfe5001ff]
Jan  4 07:19:57 postman kernel: [    0.623793] pci 0000:00:05.0: PCI bridge to [bus 03]
Jan  4 07:19:57 postman kernel: [    0.623796] pci 0000:00:05.0:   bridge window [io  0xc000-0xcfff]
Jan  4 07:19:57 postman kernel: [    0.623798] pci 0000:00:05.0:   bridge window [mem 0xfe500000-0xfe5fffff]
Jan  4 07:19:57 postman kernel: [    0.623853] pci 0000:04:00.0: [1b21:1042] type 00 class 0x0c0330
Jan  4 07:19:57 postman kernel: [    0.623872] pci 0000:04:00.0: reg 0x10: [mem 0xfe400000-0xfe407fff 64bit]
Jan  4 07:19:57 postman kernel: [    0.623959] pci 0000:04:00.0: PME# supported from D3hot D3cold
Jan  4 07:19:57 postman kernel: [    0.631793] pci 0000:00:09.0: PCI bridge to [bus 04]
Jan  4 07:19:57 postman kernel: [    0.631797] pci 0000:00:09.0:   bridge window [mem 0xfe400000-0xfe4fffff]
Jan  4 07:19:57 postman kernel: [    0.631988] pci 0000:00:0a.0: PCI bridge to [bus 05]
Jan  4 07:19:57 postman kernel: [    0.632196] pci 0000:06:00.0: [168c:002e] type 00 class 0x028000
Jan  4 07:19:57 postman kernel: [    0.632214] pci 0000:06:00.0: reg 0x10: [mem 0xfe300000-0xfe30ffff 64bit]
Jan  4 07:19:57 postman kernel: [    0.632300] pci 0000:06:00.0: supports D1
Jan  4 07:19:57 postman kernel: [    0.632302] pci 0000:06:00.0: PME# supported from D0 D1 D3hot
Jan  4 07:19:57 postman kernel: [    0.639786] pci 0000:00:0b.0: PCI bridge to [bus 06]
Jan  4 07:19:57 postman kernel: [    0.639790] pci 0000:00:0b.0:   bridge window [mem 0xfe300000-0xfe3fffff]
Jan  4 07:19:57 postman kernel: [    0.639981] pci 0000:00:0d.0: PCI bridge to [bus 07]
Jan  4 07:19:57 postman kernel: [    0.640049] pci 0000:00:14.4: PCI bridge to [bus 08] (subtractive decode)
Jan  4 07:19:57 postman kernel: [    0.640055] pci 0000:00:14.4:   bridge window [io  0x0000-0x03af] (subtractive decode)
Jan  4 07:19:57 postman kernel: [    0.640057] pci 0000:00:14.4:   bridge window [io  0x03e0-0x0cf7] (subtractive decode)
Jan  4 07:19:57 postman kernel: [    0.640058] pci 0000:00:14.4:   bridge window [io  0x03b0-0x03df] (subtractive decode)
Jan  4 07:19:57 postman kernel: [    0.640060] pci 0000:00:14.4:   bridge window [io  0x0d00-0xffff] (subtractive decode)
Jan  4 07:19:57 postman kernel: [    0.640061] pci 0000:00:14.4:   bridge window [mem 0x000a0000-0x000bffff] (subtractive decode)
Jan  4 07:19:57 postman kernel: [    0.640063] pci 0000:00:14.4:   bridge window [mem 0x000c0000-0x000dffff] (subtractive decode)
Jan  4 07:19:57 postman kernel: [    0.640064] pci 0000:00:14.4:   bridge window [mem 0xc0000000-0xffffffff] (subtractive decode)
Jan  4 07:19:57 postman kernel: [    0.640246] pci 0000:00:15.0: PCI bridge to [bus 09]
Jan  4 07:19:57 postman kernel: [    0.640317] pci 0000:0a:00.0: [10ec:8168] type 00 class 0x020000
Jan  4 07:19:57 postman kernel: [    0.640334] pci 0000:0a:00.0: reg 0x10: [io  0xb000-0xb0ff]
Jan  4 07:19:57 postman kernel: [    0.640359] pci 0000:0a:00.0: reg 0x18: [mem 0xd2104000-0xd2104fff 64bit pref]
Jan  4 07:19:57 postman kernel: [    0.640375] pci 0000:0a:00.0: reg 0x20: [mem 0xd2100000-0xd2103fff 64bit pref]
Jan  4 07:19:57 postman kernel: [    0.640457] pci 0000:0a:00.0: supports D1 D2
Jan  4 07:19:57 postman kernel: [    0.640458] pci 0000:0a:00.0: PME# supported from D0 D1 D2 D3hot D3cold
Jan  4 07:19:57 postman kernel: [    0.647785] pci 0000:00:15.1: PCI bridge to [bus 0a]
Jan  4 07:19:57 postman kernel: [    0.647790] pci 0000:00:15.1:   bridge window [io  0xb000-0xbfff]
Jan  4 07:19:57 postman kernel: [    0.647795] pci 0000:00:15.1:   bridge window [mem 0xd2100000-0xd21fffff 64bit pref]
Jan  4 07:19:57 postman kernel: [    0.647864] pci 0000:0b:00.0: [1b21:1042] type 00 class 0x0c0330
Jan  4 07:19:57 postman kernel: [    0.647889] pci 0000:0b:00.0: reg 0x10: [mem 0xfe200000-0xfe207fff 64bit]
Jan  4 07:19:57 postman kernel: [    0.648033] pci 0000:0b:00.0: PME# supported from D3hot D3cold
Jan  4 07:19:57 postman kernel: [    0.655778] pci 0000:00:15.2: PCI bridge to [bus 0b]
Jan  4 07:19:57 postman kernel: [    0.655784] pci 0000:00:15.2:   bridge window [mem 0xfe200000-0xfe2fffff]
Jan  4 07:19:57 postman kernel: [    0.655856] pci 0000:0c:00.0: [1b21:1042] type 00 class 0x0c0330
Jan  4 07:19:57 postman kernel: [    0.655880] pci 0000:0c:00.0: reg 0x10: [mem 0xfe100000-0xfe107fff 64bit]
Jan  4 07:19:57 postman kernel: [    0.655997] pci 0000:0c:00.0: PME# supported from D3hot D3cold
Jan  4 07:19:57 postman kernel: [    0.663776] pci 0000:00:15.3: PCI bridge to [bus 0c]
Jan  4 07:19:57 postman kernel: [    0.663782] pci 0000:00:15.3:   bridge window [mem 0xfe100000-0xfe1fffff]
Jan  4 07:19:57 postman kernel: [    0.663826] pci_bus 0000:00: on NUMA node 0
Jan  4 07:19:57 postman kernel: [    0.664185] ACPI: PCI Interrupt Link [LNKA] (IRQs 4 7 10 11 14 15) *0
Jan  4 07:19:57 postman kernel: [    0.664248] ACPI: PCI Interrupt Link [LNKB] (IRQs 4 7 10 11 14 15) *0
Jan  4 07:19:57 postman kernel: [    0.664313] ACPI: PCI Interrupt Link [LNKC] (IRQs 4 7 10 11 14 15) *0
Jan  4 07:19:57 postman kernel: [    0.664377] ACPI: PCI Interrupt Link [LNKD] (IRQs 3 4 10 11 14 15) *0
Jan  4 07:19:57 postman kernel: [    0.664430] ACPI: PCI Interrupt Link [LNKE] (IRQs 4 7 10 11 14 15) *0
Jan  4 07:19:57 postman kernel: [    0.664471] ACPI: PCI Interrupt Link [LNKF] (IRQs 4 7 10 11 14 15) *0
Jan  4 07:19:57 postman kernel: [    0.664513] ACPI: PCI Interrupt Link [LNKG] (IRQs 4 7 10 11 14 15) *0
Jan  4 07:19:57 postman kernel: [    0.664554] ACPI: PCI Interrupt Link [LNKH] (IRQs 4 7 10 11 14 15) *0
Jan  4 07:19:57 postman kernel: [    0.664662] ACPI: Enabled 1 GPEs in block 00 to 1F
Jan  4 07:19:57 postman kernel: [    0.664681] ACPI : EC: GPE = 0xa, I/O: command/status = 0x66, data = 0x62
Jan  4 07:19:57 postman kernel: [    0.664778] vgaarb: setting as boot device: PCI:0000:01:00.0
Jan  4 07:19:57 postman kernel: [    0.664780] vgaarb: device added: PCI:0000:01:00.0,decodes=io+mem,owns=io+mem,locks=none
Jan  4 07:19:57 postman kernel: [    0.664782] vgaarb: loaded
Jan  4 07:19:57 postman kernel: [    0.664783] vgaarb: bridge control possible 0000:01:00.0
Jan  4 07:19:57 postman kernel: [    0.665001] SCSI subsystem initialized
Jan  4 07:19:57 postman kernel: [    0.665053] libata version 3.00 loaded.
Jan  4 07:19:57 postman kernel: [    0.665077] ACPI: bus type USB registered
Jan  4 07:19:57 postman kernel: [    0.665093] usbcore: registered new interface driver usbfs
Jan  4 07:19:57 postman kernel: [    0.665102] usbcore: registered new interface driver hub
Jan  4 07:19:57 postman kernel: [    0.665122] usbcore: registered new device driver usb
Jan  4 07:19:57 postman kernel: [    0.665260] PCI: Using ACPI for IRQ routing
Jan  4 07:19:57 postman kernel: [    0.671399] PCI: pci_cache_line_size set to 64 bytes
Jan  4 07:19:57 postman kernel: [    0.671469] e820: reserve RAM buffer [mem 0x0009e800-0x0009ffff]
Jan  4 07:19:57 postman kernel: [    0.671471] e820: reserve RAM buffer [mem 0xba71a000-0xbbffffff]
Jan  4 07:19:57 postman kernel: [    0.671472] e820: reserve RAM buffer [mem 0xbca4f000-0xbfffffff]
Jan  4 07:19:57 postman kernel: [    0.671473] e820: reserve RAM buffer [mem 0xbd083000-0xbfffffff]
Jan  4 07:19:57 postman kernel: [    0.671474] e820: reserve RAM buffer [mem 0xbd800000-0xbfffffff]
Jan  4 07:19:57 postman kernel: [    0.671475] e820: reserve RAM buffer [mem 0x83f000000-0x83fffffff]
Jan  4 07:19:57 postman kernel: [    0.671577] NetLabel: Initializing
Jan  4 07:19:57 postman kernel: [    0.671578] NetLabel:  domain hash size = 128
Jan  4 07:19:57 postman kernel: [    0.671579] NetLabel:  protocols = UNLABELED CIPSOv4
Jan  4 07:19:57 postman kernel: [    0.671588] NetLabel:  unlabeled traffic allowed by default
Jan  4 07:19:57 postman kernel: [    0.671664] hpet0: at MMIO 0xfed00000, IRQs 2, 8, 0
Jan  4 07:19:57 postman kernel: [    0.671667] hpet0: 3 comparators, 32-bit 14.318180 MHz counter
Jan  4 07:19:57 postman kernel: [    0.673742] Switched to clocksource hpet
Jan  4 07:19:57 postman kernel: [    0.680377] AppArmor: AppArmor Filesystem Enabled
Jan  4 07:19:57 postman kernel: [    0.680400] pnp: PnP ACPI init
Jan  4 07:19:57 postman kernel: [    0.680411] ACPI: bus type PNP registered
Jan  4 07:19:57 postman kernel: [    0.680501] system 00:00: [mem 0xe0000000-0xefffffff] has been reserved
Jan  4 07:19:57 postman kernel: [    0.680504] system 00:00: Plug and Play ACPI device, IDs PNP0c01 (active)
Jan  4 07:19:57 postman kernel: [    0.680787] system 00:01: [io  0x040b] has been reserved
Jan  4 07:19:57 postman kernel: [    0.680789] system 00:01: [io  0x04d6] has been reserved
Jan  4 07:19:57 postman kernel: [    0.680791] system 00:01: [io  0x0c00-0x0c01] has been reserved
Jan  4 07:19:57 postman kernel: [    0.680792] system 00:01: [io  0x0c14] has been reserved
Jan  4 07:19:57 postman kernel: [    0.680794] system 00:01: [io  0x0c50-0x0c51] has been reserved
Jan  4 07:19:57 postman kernel: [    0.680795] system 00:01: [io  0x0c52] has been reserved
Jan  4 07:19:57 postman kernel: [    0.680797] system 00:01: [io  0x0c6c] has been reserved
Jan  4 07:19:57 postman kernel: [    0.680798] system 00:01: [io  0x0c6f] has been reserved
Jan  4 07:19:57 postman kernel: [    0.680800] system 00:01: [io  0x0cd0-0x0cd1] has been reserved
Jan  4 07:19:57 postman kernel: [    0.680801] system 00:01: [io  0x0cd2-0x0cd3] has been reserved
Jan  4 07:19:57 postman kernel: [    0.680803] system 00:01: [io  0x0cd4-0x0cd5] has been reserved
Jan  4 07:19:57 postman kernel: [    0.680805] system 00:01: [io  0x0cd6-0x0cd7] has been reserved
Jan  4 07:19:57 postman kernel: [    0.680806] system 00:01: [io  0x0cd8-0x0cdf] has been reserved
Jan  4 07:19:57 postman kernel: [    0.680808] system 00:01: [io  0x0800-0x089f] could not be reserved
Jan  4 07:19:57 postman kernel: [    0.680809] system 00:01: [io  0x0b20-0x0b3f] has been reserved
Jan  4 07:19:57 postman kernel: [    0.680812] system 00:01: [io  0x0900-0x090f] has been reserved
Jan  4 07:19:57 postman kernel: [    0.680814] system 00:01: [io  0x0910-0x091f] has been reserved
Jan  4 07:19:57 postman kernel: [    0.680816] system 00:01: [io  0xfe00-0xfefe] has been reserved
Jan  4 07:19:57 postman kernel: [    0.680818] system 00:01: [mem 0xfec00000-0xfec00fff] could not be reserved
Jan  4 07:19:57 postman kernel: [    0.680820] system 00:01: [mem 0xfee00000-0xfee00fff] has been reserved
Jan  4 07:19:57 postman kernel: [    0.680821] system 00:01: [mem 0xfed80000-0xfed8ffff] has been reserved
Jan  4 07:19:57 postman kernel: [    0.680823] system 00:01: [mem 0xfed61000-0xfed70fff] has been reserved
Jan  4 07:19:57 postman kernel: [    0.680825] system 00:01: [mem 0xfec10000-0xfec10fff] has been reserved
Jan  4 07:19:57 postman kernel: [    0.680827] system 00:01: [mem 0xfed00000-0xfed00fff] could not be reserved
Jan  4 07:19:57 postman kernel: [    0.680829] system 00:01: [mem 0xff800000-0xffffffff] has been reserved
Jan  4 07:19:57 postman kernel: [    0.680831] system 00:01: Plug and Play ACPI device, IDs PNP0c02 (active)
Jan  4 07:19:57 postman kernel: [    0.680971] system 00:02: [io  0x0290-0x02af] has been reserved
Jan  4 07:19:57 postman kernel: [    0.680973] system 00:02: Plug and Play ACPI device, IDs PNP0c02 (active)
Jan  4 07:19:57 postman kernel: [    0.681006] pnp 00:03: Plug and Play ACPI device, IDs PNP0b00 (active)
Jan  4 07:19:57 postman kernel: [    0.681072] system 00:04: [io  0x04d0-0x04d1] has been reserved
Jan  4 07:19:57 postman kernel: [    0.681074] system 00:04: Plug and Play ACPI device, IDs PNP0c02 (active)
Jan  4 07:19:57 postman kernel: [    0.681118] system 00:05: Plug and Play ACPI device, IDs PNP0c02 (active)
Jan  4 07:19:57 postman kernel: [    0.681163] pnp 00:06: Plug and Play ACPI device, IDs PNP0303 PNP030b (active)
Jan  4 07:19:57 postman kernel: [    0.681317] pnp 00:07: [dma 0 disabled]
Jan  4 07:19:57 postman kernel: [    0.681361] pnp 00:07: Plug and Play ACPI device, IDs PNP0501 (active)
Jan  4 07:19:57 postman kernel: [    0.681500] system 00:08: [mem 0xfeb20000-0xfeb23fff] could not be reserved
Jan  4 07:19:57 postman kernel: [    0.681502] system 00:08: Plug and Play ACPI device, IDs PNP0c02 (active)
Jan  4 07:19:57 postman kernel: [    0.681614] system 00:09: [mem 0xfec20000-0xfec200ff] could not be reserved
Jan  4 07:19:57 postman kernel: [    0.681616] system 00:09: Plug and Play ACPI device, IDs PNP0c02 (active)
Jan  4 07:19:57 postman kernel: [    0.681750] pnp: PnP ACPI: found 10 devices
Jan  4 07:19:57 postman kernel: [    0.681751] ACPI: bus type PNP unregistered
Jan  4 07:19:57 postman kernel: [    0.688330] pci 0000:00:02.0: PCI bridge to [bus 01]
Jan  4 07:19:57 postman kernel: [    0.688333] pci 0000:00:02.0:   bridge window [io  0xe000-0xefff]
Jan  4 07:19:57 postman kernel: [    0.688336] pci 0000:00:02.0:   bridge window [mem 0xfd000000-0xfe0fffff]
Jan  4 07:19:57 postman kernel: [    0.688338] pci 0000:00:02.0:   bridge window [mem 0xc0000000-0xd1ffffff 64bit pref]
Jan  4 07:19:57 postman kernel: [    0.688341] pci 0000:00:04.0: PCI bridge to [bus 02]
Jan  4 07:19:57 postman kernel: [    0.688343] pci 0000:00:04.0:   bridge window [io  0xd000-0xdfff]
Jan  4 07:19:57 postman kernel: [    0.688346] pci 0000:00:04.0:   bridge window [mem 0xfe600000-0xfe6fffff]
Jan  4 07:19:57 postman kernel: [    0.688349] pci 0000:00:05.0: PCI bridge to [bus 03]
Jan  4 07:19:57 postman kernel: [    0.688351] pci 0000:00:05.0:   bridge window [io  0xc000-0xcfff]
Jan  4 07:19:57 postman kernel: [    0.688353] pci 0000:00:05.0:   bridge window [mem 0xfe500000-0xfe5fffff]
Jan  4 07:19:57 postman kernel: [    0.688356] pci 0000:00:09.0: PCI bridge to [bus 04]
Jan  4 07:19:57 postman kernel: [    0.688359] pci 0000:00:09.0:   bridge window [mem 0xfe400000-0xfe4fffff]
Jan  4 07:19:57 postman kernel: [    0.688362] pci 0000:00:0a.0: PCI bridge to [bus 05]
Jan  4 07:19:57 postman kernel: [    0.688366] pci 0000:00:0b.0: PCI bridge to [bus 06]
Jan  4 07:19:57 postman kernel: [    0.688369] pci 0000:00:0b.0:   bridge window [mem 0xfe300000-0xfe3fffff]
Jan  4 07:19:57 postman kernel: [    0.688372] pci 0000:00:0d.0: PCI bridge to [bus 07]
Jan  4 07:19:57 postman kernel: [    0.688376] pci 0000:00:14.4: PCI bridge to [bus 08]
Jan  4 07:19:57 postman kernel: [    0.688385] pci 0000:00:15.0: PCI bridge to [bus 09]
Jan  4 07:19:57 postman kernel: [    0.688392] pci 0000:00:15.1: PCI bridge to [bus 0a]
Jan  4 07:19:57 postman kernel: [    0.688394] pci 0000:00:15.1:   bridge window [io  0xb000-0xbfff]
Jan  4 07:19:57 postman kernel: [    0.688398] pci 0000:00:15.1:   bridge window [mem 0xd2100000-0xd21fffff 64bit pref]
Jan  4 07:19:57 postman kernel: [    0.688402] pci 0000:00:15.2: PCI bridge to [bus 0b]
Jan  4 07:19:57 postman kernel: [    0.688405] pci 0000:00:15.2:   bridge window [mem 0xfe200000-0xfe2fffff]
Jan  4 07:19:57 postman kernel: [    0.688410] pci 0000:00:15.3: PCI bridge to [bus 0c]
Jan  4 07:19:57 postman kernel: [    0.688414] pci 0000:00:15.3:   bridge window [mem 0xfe100000-0xfe1fffff]
Jan  4 07:19:57 postman kernel: [    0.688419] pci_bus 0000:00: resource 4 [io  0x0000-0x03af]
Jan  4 07:19:57 postman kernel: [    0.688421] pci_bus 0000:00: resource 5 [io  0x03e0-0x0cf7]
Jan  4 07:19:57 postman kernel: [    0.688422] pci_bus 0000:00: resource 6 [io  0x03b0-0x03df]
Jan  4 07:19:57 postman kernel: [    0.688424] pci_bus 0000:00: resource 7 [io  0x0d00-0xffff]
Jan  4 07:19:57 postman kernel: [    0.688425] pci_bus 0000:00: resource 8 [mem 0x000a0000-0x000bffff]
Jan  4 07:19:57 postman kernel: [    0.688427] pci_bus 0000:00: resource 9 [mem 0x000c0000-0x000dffff]
Jan  4 07:19:57 postman kernel: [    0.688428] pci_bus 0000:00: resource 10 [mem 0xc0000000-0xffffffff]
Jan  4 07:19:57 postman kernel: [    0.688430] pci_bus 0000:01: resource 0 [io  0xe000-0xefff]
Jan  4 07:19:57 postman kernel: [    0.688431] pci_bus 0000:01: resource 1 [mem 0xfd000000-0xfe0fffff]
Jan  4 07:19:57 postman kernel: [    0.688432] pci_bus 0000:01: resource 2 [mem 0xc0000000-0xd1ffffff 64bit pref]
Jan  4 07:19:57 postman kernel: [    0.688434] pci_bus 0000:02: resource 0 [io  0xd000-0xdfff]
Jan  4 07:19:57 postman kernel: [    0.688435] pci_bus 0000:02: resource 1 [mem 0xfe600000-0xfe6fffff]
Jan  4 07:19:57 postman kernel: [    0.688437] pci_bus 0000:03: resource 0 [io  0xc000-0xcfff]
Jan  4 07:19:57 postman kernel: [    0.688438] pci_bus 0000:03: resource 1 [mem 0xfe500000-0xfe5fffff]
Jan  4 07:19:57 postman kernel: [    0.688440] pci_bus 0000:04: resource 1 [mem 0xfe400000-0xfe4fffff]
Jan  4 07:19:57 postman kernel: [    0.688441] pci_bus 0000:06: resource 1 [mem 0xfe300000-0xfe3fffff]
Jan  4 07:19:57 postman kernel: [    0.688443] pci_bus 0000:08: resource 4 [io  0x0000-0x03af]
Jan  4 07:19:57 postman kernel: [    0.688444] pci_bus 0000:08: resource 5 [io  0x03e0-0x0cf7]
Jan  4 07:19:57 postman kernel: [    0.688446] pci_bus 0000:08: resource 6 [io  0x03b0-0x03df]
Jan  4 07:19:57 postman kernel: [    0.688447] pci_bus 0000:08: resource 7 [io  0x0d00-0xffff]
Jan  4 07:19:57 postman kernel: [    0.688448] pci_bus 0000:08: resource 8 [mem 0x000a0000-0x000bffff]
Jan  4 07:19:57 postman kernel: [    0.688450] pci_bus 0000:08: resource 9 [mem 0x000c0000-0x000dffff]
Jan  4 07:19:57 postman kernel: [    0.688451] pci_bus 0000:08: resource 10 [mem 0xc0000000-0xffffffff]
Jan  4 07:19:57 postman kernel: [    0.688453] pci_bus 0000:0a: resource 0 [io  0xb000-0xbfff]
Jan  4 07:19:57 postman kernel: [    0.688454] pci_bus 0000:0a: resource 2 [mem 0xd2100000-0xd21fffff 64bit pref]
Jan  4 07:19:57 postman kernel: [    0.688455] pci_bus 0000:0b: resource 1 [mem 0xfe200000-0xfe2fffff]
Jan  4 07:19:57 postman kernel: [    0.688457] pci_bus 0000:0c: resource 1 [mem 0xfe100000-0xfe1fffff]
Jan  4 07:19:57 postman kernel: [    0.688481] NET: Registered protocol family 2
Jan  4 07:19:57 postman kernel: [    0.688773] TCP established hash table entries: 262144 (order: 9, 2097152 bytes)
Jan  4 07:19:57 postman kernel: [    0.689231] TCP bind hash table entries: 65536 (order: 8, 1048576 bytes)
Jan  4 07:19:57 postman kernel: [    0.689405] TCP: Hash tables configured (established 262144 bind 65536)
Jan  4 07:19:57 postman kernel: [    0.689432] TCP: reno registered
Jan  4 07:19:57 postman kernel: [    0.689466] UDP hash table entries: 16384 (order: 7, 524288 bytes)
Jan  4 07:19:57 postman kernel: [    0.689592] UDP-Lite hash table entries: 16384 (order: 7, 524288 bytes)
Jan  4 07:19:57 postman kernel: [    0.689726] NET: Registered protocol family 1
Jan  4 07:19:57 postman kernel: [    0.977824] pci 0000:01:00.0: Video device with shadowed ROM
Jan  4 07:19:57 postman kernel: [    0.978158] PCI: CLS 64 bytes, default 64
Jan  4 07:19:57 postman kernel: [    0.978223] Trying to unpack rootfs image as initramfs...
Jan  4 07:19:57 postman kernel: [    1.209078] Freeing initrd memory: 19016K (ffff880035acc000 - ffff880036d5e000)
Jan  4 07:19:57 postman kernel: [    1.284788] AMD-Vi: Found IOMMU at 0000:00:00.2 cap 0x40
Jan  4 07:19:57 postman kernel: [    1.284804] pci 0000:00:00.2: irq 72 for MSI/MSI-X
Jan  4 07:19:57 postman kernel: [    1.297107] AMD-Vi: Lazy IO/TLB flushing enabled
Jan  4 07:19:57 postman kernel: [    1.372101] PCI-DMA: Using software bounce buffering for IO (SWIOTLB)
Jan  4 07:19:57 postman kernel: [    1.372104] software IO TLB [mem 0xb671a000-0xba71a000] (64MB) mapped at [ffff8800b671a000-ffff8800ba719fff]
Jan  4 07:19:57 postman kernel: [    1.372472] perf: AMD NB counters detected
Jan  4 07:19:57 postman kernel: [    1.372538] microcode: CPU0: patch_level=0x0600081c
Jan  4 07:19:57 postman kernel: [    1.372543] microcode: CPU1: patch_level=0x0600081c
Jan  4 07:19:57 postman kernel: [    1.372550] microcode: CPU2: patch_level=0x0600081c
Jan  4 07:19:57 postman kernel: [    1.372557] microcode: CPU3: patch_level=0x0600081c
Jan  4 07:19:57 postman kernel: [    1.372565] microcode: CPU4: patch_level=0x0600081c
Jan  4 07:19:57 postman kernel: [    1.372572] microcode: CPU5: patch_level=0x0600081c
Jan  4 07:19:57 postman kernel: [    1.372581] microcode: CPU6: patch_level=0x0600081c
Jan  4 07:19:57 postman kernel: [    1.372588] microcode: CPU7: patch_level=0x0600081c
Jan  4 07:19:57 postman kernel: [    1.372637] microcode: Microcode Update Driver: v2.00 <tigran@aivazian.fsnet.co.uk>, Peter Oruba
Jan  4 07:19:57 postman kernel: [    1.372640] LVT offset 0 assigned for vector 0x400
Jan  4 07:19:57 postman kernel: [    1.372657] perf: AMD IBS detected (0x000000ff)
Jan  4 07:19:57 postman kernel: [    1.372676] Scanning for low memory corruption every 60 seconds
Jan  4 07:19:57 postman kernel: [    1.373037] futex hash table entries: 2048 (order: 5, 131072 bytes)
Jan  4 07:19:57 postman kernel: [    1.373059] Initialise system trusted keyring
Jan  4 07:19:57 postman kernel: [    1.373076] audit: initializing netlink subsys (disabled)
Jan  4 07:19:57 postman kernel: [    1.373094] audit: type=2000 audit(1483514392.004:1): initialized
Jan  4 07:19:57 postman kernel: [    1.373550] HugeTLB registered 2 MB page size, pre-allocated 0 pages
Jan  4 07:19:57 postman kernel: [    1.375149] zpool: loaded
Jan  4 07:19:57 postman kernel: [    1.375151] zbud: loaded
Jan  4 07:19:57 postman kernel: [    1.375285] VFS: Disk quotas dquot_6.5.2
Jan  4 07:19:57 postman kernel: [    1.375317] Dquot-cache hash table entries: 512 (order 0, 4096 bytes)
Jan  4 07:19:57 postman kernel: [    1.375782] fuse init (API version 7.23)
Jan  4 07:19:57 postman kernel: [    1.375866] msgmni has been set to 32768
Jan  4 07:19:57 postman kernel: [    1.375918] Key type big_key registered
Jan  4 07:19:57 postman kernel: [    1.376267] Key type asymmetric registered
Jan  4 07:19:57 postman kernel: [    1.376270] Asymmetric key parser 'x509' registered
Jan  4 07:19:57 postman kernel: [    1.376305] Block layer SCSI generic (bsg) driver version 0.4 loaded (major 252)
Jan  4 07:19:57 postman kernel: [    1.376361] io scheduler noop registered
Jan  4 07:19:57 postman kernel: [    1.376364] io scheduler deadline registered (default)
Jan  4 07:19:57 postman kernel: [    1.376412] io scheduler cfq registered
Jan  4 07:19:57 postman kernel: [    1.377250] pci_hotplug: PCI Hot Plug PCI Core version: 0.5
Jan  4 07:19:57 postman kernel: [    1.377265] pciehp: PCI Express Hot Plug Controller Driver version: 0.4
Jan  4 07:19:57 postman kernel: [    1.377398] input: Power Button as /devices/LNXSYSTM:00/LNXSYBUS:00/PNP0C0C:00/input/input0
Jan  4 07:19:57 postman kernel: [    1.377401] ACPI: Power Button [PWRB]
Jan  4 07:19:57 postman kernel: [    1.377439] input: Power Button as /devices/LNXSYSTM:00/LNXPWRBN:00/input/input1
Jan  4 07:19:57 postman kernel: [    1.377440] ACPI: Power Button [PWRF]
Jan  4 07:19:57 postman kernel: [    1.377493] ACPI: acpi_idle registered with cpuidle
Jan  4 07:19:57 postman kernel: [    1.378172] GHES: HEST is not enabled!
Jan  4 07:19:57 postman kernel: [    1.378278] Serial: 8250/16550 driver, 32 ports, IRQ sharing enabled
Jan  4 07:19:57 postman kernel: [    1.398629] 00:07: ttyS0 at I/O 0x3f8 (irq = 4, base_baud = 115200) is a 16550A
Jan  4 07:19:57 postman kernel: [    1.400271] Linux agpgart interface v0.103
Jan  4 07:19:57 postman kernel: [    1.401605] brd: module loaded
Jan  4 07:19:57 postman kernel: [    1.402304] loop: module loaded
Jan  4 07:19:57 postman kernel: [    1.402516] libphy: Fixed MDIO Bus: probed
Jan  4 07:19:57 postman kernel: [    1.402519] tun: Universal TUN/TAP device driver, 1.6
Jan  4 07:19:57 postman kernel: [    1.402520] tun: (C) 1999-2004 Max Krasnyansky <maxk@qualcomm.com>
Jan  4 07:19:57 postman kernel: [    1.402568] PPP generic driver version 2.4.2
Jan  4 07:19:57 postman kernel: [    1.402614] ehci_hcd: USB 2.0 'Enhanced' Host Controller (EHCI) Driver
Jan  4 07:19:57 postman kernel: [    1.402625] ehci-pci: EHCI PCI platform driver
Jan  4 07:19:57 postman kernel: [    1.402713] QUIRK: Enable AMD PLL fix
Jan  4 07:19:57 postman kernel: [    1.402731] ehci-pci 0000:00:12.2: EHCI Host Controller
Jan  4 07:19:57 postman kernel: [    1.402736] ehci-pci 0000:00:12.2: new USB bus registered, assigned bus number 1
Jan  4 07:19:57 postman kernel: [    1.402739] ehci-pci 0000:00:12.2: applying AMD SB700/SB800/Hudson-2/3 EHCI dummy qh workaround
Jan  4 07:19:57 postman kernel: [    1.402747] ehci-pci 0000:00:12.2: debug port 1
Jan  4 07:19:57 postman kernel: [    1.402781] ehci-pci 0000:00:12.2: irq 17, io mem 0xfe709000
Jan  4 07:19:57 postman kernel: [    1.413393] ehci-pci 0000:00:12.2: USB 2.0 started, EHCI 1.00
Jan  4 07:19:57 postman kernel: [    1.413428] usb usb1: New USB device found, idVendor=1d6b, idProduct=0002
Jan  4 07:19:57 postman kernel: [    1.413430] usb usb1: New USB device strings: Mfr=3, Product=2, SerialNumber=1
Jan  4 07:19:57 postman kernel: [    1.413431] usb usb1: Product: EHCI Host Controller
Jan  4 07:19:57 postman kernel: [    1.413433] usb usb1: Manufacturer: Linux 3.16.0-77-generic ehci_hcd
Jan  4 07:19:57 postman kernel: [    1.413434] usb usb1: SerialNumber: 0000:00:12.2
Jan  4 07:19:57 postman kernel: [    1.413557] hub 1-0:1.0: USB hub found
Jan  4 07:19:57 postman kernel: [    1.413562] hub 1-0:1.0: 5 ports detected
Jan  4 07:19:57 postman kernel: [    1.413777] ehci-pci 0000:00:13.2: EHCI Host Controller
Jan  4 07:19:57 postman kernel: [    1.413782] ehci-pci 0000:00:13.2: new USB bus registered, assigned bus number 2
Jan  4 07:19:57 postman kernel: [    1.413784] ehci-pci 0000:00:13.2: applying AMD SB700/SB800/Hudson-2/3 EHCI dummy qh workaround
Jan  4 07:19:57 postman kernel: [    1.413792] ehci-pci 0000:00:13.2: debug port 1
Jan  4 07:19:57 postman kernel: [    1.413820] ehci-pci 0000:00:13.2: irq 21, io mem 0xfe707000
Jan  4 07:19:57 postman kernel: [    1.425382] ehci-pci 0000:00:13.2: USB 2.0 started, EHCI 1.00
Jan  4 07:19:57 postman kernel: [    1.425427] usb usb2: New USB device found, idVendor=1d6b, idProduct=0002
Jan  4 07:19:57 postman kernel: [    1.425428] usb usb2: New USB device strings: Mfr=3, Product=2, SerialNumber=1
Jan  4 07:19:57 postman kernel: [    1.425430] usb usb2: Product: EHCI Host Controller
Jan  4 07:19:57 postman kernel: [    1.425431] usb usb2: Manufacturer: Linux 3.16.0-77-generic ehci_hcd
Jan  4 07:19:57 postman kernel: [    1.425434] usb usb2: SerialNumber: 0000:00:13.2
Jan  4 07:19:57 postman kernel: [    1.425558] hub 2-0:1.0: USB hub found
Jan  4 07:19:57 postman kernel: [    1.425563] hub 2-0:1.0: 5 ports detected
Jan  4 07:19:57 postman kernel: [    1.425758] ehci-pci 0000:00:16.2: EHCI Host Controller
Jan  4 07:19:57 postman kernel: [    1.425761] ehci-pci 0000:00:16.2: new USB bus registered, assigned bus number 3
Jan  4 07:19:57 postman kernel: [    1.425764] ehci-pci 0000:00:16.2: applying AMD SB700/SB800/Hudson-2/3 EHCI dummy qh workaround
Jan  4 07:19:57 postman kernel: [    1.425772] ehci-pci 0000:00:16.2: debug port 1
Jan  4 07:19:57 postman kernel: [    1.425800] ehci-pci 0000:00:16.2: irq 23, io mem 0xfe704000
Jan  4 07:19:57 postman kernel: [    1.437376] ehci-pci 0000:00:16.2: USB 2.0 started, EHCI 1.00
Jan  4 07:19:57 postman kernel: [    1.437408] usb usb3: New USB device found, idVendor=1d6b, idProduct=0002
Jan  4 07:19:57 postman kernel: [    1.437410] usb usb3: New USB device strings: Mfr=3, Product=2, SerialNumber=1
Jan  4 07:19:57 postman kernel: [    1.437411] usb usb3: Product: EHCI Host Controller
Jan  4 07:19:57 postman kernel: [    1.437412] usb usb3: Manufacturer: Linux 3.16.0-77-generic ehci_hcd
Jan  4 07:19:57 postman kernel: [    1.437413] usb usb3: SerialNumber: 0000:00:16.2
Jan  4 07:19:57 postman kernel: [    1.437546] hub 3-0:1.0: USB hub found
Jan  4 07:19:57 postman kernel: [    1.437551] hub 3-0:1.0: 4 ports detected
Jan  4 07:19:57 postman kernel: [    1.437686] ehci-platform: EHCI generic platform driver
Jan  4 07:19:57 postman kernel: [    1.437695] ohci_hcd: USB 1.1 'Open' Host Controller (OHCI) Driver
Jan  4 07:19:57 postman kernel: [    1.437699] ohci-pci: OHCI PCI platform driver
Jan  4 07:19:57 postman kernel: [    1.437778] ohci-pci 0000:00:12.0: OHCI PCI host controller
Jan  4 07:19:57 postman kernel: [    1.437782] ohci-pci 0000:00:12.0: new USB bus registered, assigned bus number 4
Jan  4 07:19:57 postman kernel: [    1.437803] ohci-pci 0000:00:12.0: irq 18, io mem 0xfe70a000
Jan  4 07:19:57 postman kernel: [    1.497373] usb usb4: New USB device found, idVendor=1d6b, idProduct=0001
Jan  4 07:19:57 postman kernel: [    1.497375] usb usb4: New USB device strings: Mfr=3, Product=2, SerialNumber=1
Jan  4 07:19:57 postman kernel: [    1.497376] usb usb4: Product: OHCI PCI host controller
Jan  4 07:19:57 postman kernel: [    1.497377] usb usb4: Manufacturer: Linux 3.16.0-77-generic ohci_hcd
Jan  4 07:19:57 postman kernel: [    1.497378] usb usb4: SerialNumber: 0000:00:12.0
Jan  4 07:19:57 postman kernel: [    1.497518] hub 4-0:1.0: USB hub found
Jan  4 07:19:57 postman kernel: [    1.497525] hub 4-0:1.0: 5 ports detected
Jan  4 07:19:57 postman kernel: [    1.497708] ohci-pci 0000:00:13.0: OHCI PCI host controller
Jan  4 07:19:57 postman kernel: [    1.497712] ohci-pci 0000:00:13.0: new USB bus registered, assigned bus number 5
Jan  4 07:19:57 postman kernel: [    1.497733] ohci-pci 0000:00:13.0: irq 20, io mem 0xfe708000
Jan  4 07:19:57 postman kernel: [    1.557328] usb usb5: New USB device found, idVendor=1d6b, idProduct=0001
Jan  4 07:19:57 postman kernel: [    1.557330] usb usb5: New USB device strings: Mfr=3, Product=2, SerialNumber=1
Jan  4 07:19:57 postman kernel: [    1.557331] usb usb5: Product: OHCI PCI host controller
Jan  4 07:19:57 postman kernel: [    1.557332] usb usb5: Manufacturer: Linux 3.16.0-77-generic ohci_hcd
Jan  4 07:19:57 postman kernel: [    1.557333] usb usb5: SerialNumber: 0000:00:13.0
Jan  4 07:19:57 postman kernel: [    1.557470] hub 5-0:1.0: USB hub found
Jan  4 07:19:57 postman kernel: [    1.557477] hub 5-0:1.0: 5 ports detected
Jan  4 07:19:57 postman kernel: [    1.557658] ohci-pci 0000:00:14.5: OHCI PCI host controller
Jan  4 07:19:57 postman kernel: [    1.557661] ohci-pci 0000:00:14.5: new USB bus registered, assigned bus number 6
Jan  4 07:19:57 postman kernel: [    1.557682] ohci-pci 0000:00:14.5: irq 18, io mem 0xfe706000
Jan  4 07:19:57 postman kernel: [    1.617336] usb usb6: New USB device found, idVendor=1d6b, idProduct=0001
Jan  4 07:19:57 postman kernel: [    1.617338] usb usb6: New USB device strings: Mfr=3, Product=2, SerialNumber=1
Jan  4 07:19:57 postman kernel: [    1.617340] usb usb6: Product: OHCI PCI host controller
Jan  4 07:19:57 postman kernel: [    1.617341] usb usb6: Manufacturer: Linux 3.16.0-77-generic ohci_hcd
Jan  4 07:19:57 postman kernel: [    1.617343] usb usb6: SerialNumber: 0000:00:14.5
Jan  4 07:19:57 postman kernel: [    1.617479] hub 6-0:1.0: USB hub found
Jan  4 07:19:57 postman kernel: [    1.617486] hub 6-0:1.0: 2 ports detected
Jan  4 07:19:57 postman kernel: [    1.617637] ohci-pci 0000:00:16.0: OHCI PCI host controller
Jan  4 07:19:57 postman kernel: [    1.617641] ohci-pci 0000:00:16.0: new USB bus registered, assigned bus number 7
Jan  4 07:19:57 postman kernel: [    1.617664] ohci-pci 0000:00:16.0: irq 22, io mem 0xfe705000
Jan  4 07:19:57 postman kernel: [    1.677315] usb usb7: New USB device found, idVendor=1d6b, idProduct=0001
Jan  4 07:19:57 postman kernel: [    1.677317] usb usb7: New USB device strings: Mfr=3, Product=2, SerialNumber=1
Jan  4 07:19:57 postman kernel: [    1.677319] usb usb7: Product: OHCI PCI host controller
Jan  4 07:19:57 postman kernel: [    1.677321] usb usb7: Manufacturer: Linux 3.16.0-77-generic ohci_hcd
Jan  4 07:19:57 postman kernel: [    1.677322] usb usb7: SerialNumber: 0000:00:16.0
Jan  4 07:19:57 postman kernel: [    1.677502] hub 7-0:1.0: USB hub found
Jan  4 07:19:57 postman kernel: [    1.677509] hub 7-0:1.0: 4 ports detected
Jan  4 07:19:57 postman kernel: [    1.677618] ohci-platform: OHCI generic platform driver
Jan  4 07:19:57 postman kernel: [    1.677628] uhci_hcd: USB Universal Host Controller Interface driver
Jan  4 07:19:57 postman kernel: [    1.677698] xhci_hcd 0000:04:00.0: xHCI Host Controller
Jan  4 07:19:57 postman kernel: [    1.677702] xhci_hcd 0000:04:00.0: new USB bus registered, assigned bus number 8
Jan  4 07:19:57 postman kernel: [    1.737029] xhci_hcd 0000:04:00.0: irq 73 for MSI/MSI-X
Jan  4 07:19:57 postman kernel: [    1.737032] xhci_hcd 0000:04:00.0: irq 74 for MSI/MSI-X
Jan  4 07:19:57 postman kernel: [    1.737036] xhci_hcd 0000:04:00.0: irq 75 for MSI/MSI-X
Jan  4 07:19:57 postman kernel: [    1.737038] xhci_hcd 0000:04:00.0: irq 76 for MSI/MSI-X
Jan  4 07:19:57 postman kernel: [    1.737041] xhci_hcd 0000:04:00.0: irq 77 for MSI/MSI-X
Jan  4 07:19:57 postman kernel: [    1.737045] xhci_hcd 0000:04:00.0: irq 78 for MSI/MSI-X
Jan  4 07:19:57 postman kernel: [    1.737047] xhci_hcd 0000:04:00.0: irq 79 for MSI/MSI-X
Jan  4 07:19:57 postman kernel: [    1.737050] xhci_hcd 0000:04:00.0: irq 80 for MSI/MSI-X
Jan  4 07:19:57 postman kernel: [    1.737147] usb usb8: New USB device found, idVendor=1d6b, idProduct=0002
Jan  4 07:19:57 postman kernel: [    1.737148] usb usb8: New USB device strings: Mfr=3, Product=2, SerialNumber=1
Jan  4 07:19:57 postman kernel: [    1.737150] usb usb8: Product: xHCI Host Controller
Jan  4 07:19:57 postman kernel: [    1.737151] usb usb8: Manufacturer: Linux 3.16.0-77-generic xhci_hcd
Jan  4 07:19:57 postman kernel: [    1.737152] usb usb8: SerialNumber: 0000:04:00.0
Jan  4 07:19:57 postman kernel: [    1.737330] hub 8-0:1.0: USB hub found
Jan  4 07:19:57 postman kernel: [    1.737337] hub 8-0:1.0: 2 ports detected
Jan  4 07:19:57 postman kernel: [    1.737413] xhci_hcd 0000:04:00.0: xHCI Host Controller
Jan  4 07:19:57 postman kernel: [    1.737416] xhci_hcd 0000:04:00.0: new USB bus registered, assigned bus number 9
Jan  4 07:19:57 postman kernel: [    1.737435] usb usb9: We don't know the algorithms for LPM for this host, disabling LPM.
Jan  4 07:19:57 postman kernel: [    1.737451] usb usb9: New USB device found, idVendor=1d6b, idProduct=0003
Jan  4 07:19:57 postman kernel: [    1.737452] usb usb9: New USB device strings: Mfr=3, Product=2, SerialNumber=1
Jan  4 07:19:57 postman kernel: [    1.737453] usb usb9: Product: xHCI Host Controller
Jan  4 07:19:57 postman kernel: [    1.737455] usb usb9: Manufacturer: Linux 3.16.0-77-generic xhci_hcd
Jan  4 07:19:57 postman kernel: [    1.737456] usb usb9: SerialNumber: 0000:04:00.0
Jan  4 07:19:57 postman kernel: [    1.737544] hub 9-0:1.0: USB hub found
Jan  4 07:19:57 postman kernel: [    1.737550] hub 9-0:1.0: 2 ports detected
Jan  4 07:19:57 postman kernel: [    1.737657] xhci_hcd 0000:0b:00.0: xHCI Host Controller
Jan  4 07:19:57 postman kernel: [    1.737663] xhci_hcd 0000:0b:00.0: new USB bus registered, assigned bus number 10
Jan  4 07:19:57 postman kernel: [    1.796995] xhci_hcd 0000:0b:00.0: irq 81 for MSI/MSI-X
Jan  4 07:19:57 postman kernel: [    1.796999] xhci_hcd 0000:0b:00.0: irq 82 for MSI/MSI-X
Jan  4 07:19:57 postman kernel: [    1.797002] xhci_hcd 0000:0b:00.0: irq 83 for MSI/MSI-X
Jan  4 07:19:57 postman kernel: [    1.797005] xhci_hcd 0000:0b:00.0: irq 84 for MSI/MSI-X
Jan  4 07:19:57 postman kernel: [    1.797007] xhci_hcd 0000:0b:00.0: irq 85 for MSI/MSI-X
Jan  4 07:19:57 postman kernel: [    1.797010] xhci_hcd 0000:0b:00.0: irq 86 for MSI/MSI-X
Jan  4 07:19:57 postman kernel: [    1.797012] xhci_hcd 0000:0b:00.0: irq 87 for MSI/MSI-X
Jan  4 07:19:57 postman kernel: [    1.797015] xhci_hcd 0000:0b:00.0: irq 88 for MSI/MSI-X
Jan  4 07:19:57 postman kernel: [    1.797120] usb usb10: New USB device found, idVendor=1d6b, idProduct=0002
Jan  4 07:19:57 postman kernel: [    1.797122] usb usb10: New USB device strings: Mfr=3, Product=2, SerialNumber=1
Jan  4 07:19:57 postman kernel: [    1.797123] usb usb10: Product: xHCI Host Controller
Jan  4 07:19:57 postman kernel: [    1.797125] usb usb10: Manufacturer: Linux 3.16.0-77-generic xhci_hcd
Jan  4 07:19:57 postman kernel: [    1.797126] usb usb10: SerialNumber: 0000:0b:00.0
Jan  4 07:19:57 postman kernel: [    1.797302] hub 10-0:1.0: USB hub found
Jan  4 07:19:57 postman kernel: [    1.797309] hub 10-0:1.0: 2 ports detected
Jan  4 07:19:57 postman kernel: [    1.797385] xhci_hcd 0000:0b:00.0: xHCI Host Controller
Jan  4 07:19:57 postman kernel: [    1.797388] xhci_hcd 0000:0b:00.0: new USB bus registered, assigned bus number 11
Jan  4 07:19:57 postman kernel: [    1.797409] usb usb11: We don't know the algorithms for LPM for this host, disabling LPM.
Jan  4 07:19:57 postman kernel: [    1.797425] usb usb11: New USB device found, idVendor=1d6b, idProduct=0003
Jan  4 07:19:57 postman kernel: [    1.797426] usb usb11: New USB device strings: Mfr=3, Product=2, SerialNumber=1
Jan  4 07:19:57 postman kernel: [    1.797427] usb usb11: Product: xHCI Host Controller
Jan  4 07:19:57 postman kernel: [    1.797429] usb usb11: Manufacturer: Linux 3.16.0-77-generic xhci_hcd
Jan  4 07:19:57 postman kernel: [    1.797430] usb usb11: SerialNumber: 0000:0b:00.0
Jan  4 07:19:57 postman kernel: [    1.797519] hub 11-0:1.0: USB hub found
Jan  4 07:19:57 postman kernel: [    1.797526] hub 11-0:1.0: 2 ports detected
Jan  4 07:19:57 postman kernel: [    1.797634] xhci_hcd 0000:0c:00.0: xHCI Host Controller
Jan  4 07:19:57 postman kernel: [    1.797638] xhci_hcd 0000:0c:00.0: new USB bus registered, assigned bus number 12
Jan  4 07:19:57 postman kernel: [    1.856969] xhci_hcd 0000:0c:00.0: irq 89 for MSI/MSI-X
Jan  4 07:19:57 postman kernel: [    1.856972] xhci_hcd 0000:0c:00.0: irq 90 for MSI/MSI-X
Jan  4 07:19:57 postman kernel: [    1.856975] xhci_hcd 0000:0c:00.0: irq 91 for MSI/MSI-X
Jan  4 07:19:57 postman kernel: [    1.856977] xhci_hcd 0000:0c:00.0: irq 92 for MSI/MSI-X
Jan  4 07:19:57 postman kernel: [    1.856980] xhci_hcd 0000:0c:00.0: irq 93 for MSI/MSI-X
Jan  4 07:19:57 postman kernel: [    1.856983] xhci_hcd 0000:0c:00.0: irq 94 for MSI/MSI-X
Jan  4 07:19:57 postman kernel: [    1.856985] xhci_hcd 0000:0c:00.0: irq 95 for MSI/MSI-X
Jan  4 07:19:57 postman kernel: [    1.856988] xhci_hcd 0000:0c:00.0: irq 96 for MSI/MSI-X
Jan  4 07:19:57 postman kernel: [    1.857095] usb usb12: New USB device found, idVendor=1d6b, idProduct=0002
Jan  4 07:19:57 postman kernel: [    1.857096] usb usb12: New USB device strings: Mfr=3, Product=2, SerialNumber=1
Jan  4 07:19:57 postman kernel: [    1.857112] usb usb12: Product: xHCI Host Controller
Jan  4 07:19:57 postman kernel: [    1.857113] usb usb12: Manufacturer: Linux 3.16.0-77-generic xhci_hcd
Jan  4 07:19:57 postman kernel: [    1.857115] usb usb12: SerialNumber: 0000:0c:00.0
Jan  4 07:19:57 postman kernel: [    1.857267] hub 12-0:1.0: USB hub found
Jan  4 07:19:57 postman kernel: [    1.857274] hub 12-0:1.0: 2 ports detected
Jan  4 07:19:57 postman kernel: [    1.857351] xhci_hcd 0000:0c:00.0: xHCI Host Controller
Jan  4 07:19:57 postman kernel: [    1.857354] xhci_hcd 0000:0c:00.0: new USB bus registered, assigned bus number 13
Jan  4 07:19:57 postman kernel: [    1.857375] usb usb13: We don't know the algorithms for LPM for this host, disabling LPM.
Jan  4 07:19:57 postman kernel: [    1.857391] usb usb13: New USB device found, idVendor=1d6b, idProduct=0003
Jan  4 07:19:57 postman kernel: [    1.857392] usb usb13: New USB device strings: Mfr=3, Product=2, SerialNumber=1
Jan  4 07:19:57 postman kernel: [    1.857393] usb usb13: Product: xHCI Host Controller
Jan  4 07:19:57 postman kernel: [    1.857394] usb usb13: Manufacturer: Linux 3.16.0-77-generic xhci_hcd
Jan  4 07:19:57 postman kernel: [    1.857396] usb usb13: SerialNumber: 0000:0c:00.0
Jan  4 07:19:57 postman kernel: [    1.857510] hub 13-0:1.0: USB hub found
Jan  4 07:19:57 postman kernel: [    1.857517] hub 13-0:1.0: 2 ports detected
Jan  4 07:19:57 postman kernel: [    1.857628] i8042: PNP: PS/2 Controller [PNP0303:PS2K] at 0x60,0x64 irq 1
Jan  4 07:19:57 postman kernel: [    1.857630] i8042: PNP: PS/2 appears to have AUX port disabled, if this is incorrect please boot with i8042.nopnp
Jan  4 07:19:57 postman kernel: [    1.857749] serio: i8042 KBD port at 0x60,0x64 irq 1
Jan  4 07:19:57 postman kernel: [    1.857845] mousedev: PS/2 mouse device common for all mice
Jan  4 07:19:57 postman kernel: [    1.857979] rtc_cmos 00:03: RTC can wake from S4
Jan  4 07:19:57 postman kernel: [    1.858073] rtc_cmos 00:03: rtc core: registered rtc_cmos as rtc0
Jan  4 07:19:57 postman kernel: [    1.858092] rtc_cmos 00:03: alarms up to one month, y3k, 114 bytes nvram, hpet irqs
Jan  4 07:19:57 postman kernel: [    1.858157] device-mapper: uevent: version 1.0.3
Jan  4 07:19:57 postman kernel: [    1.858235] device-mapper: ioctl: 4.27.0-ioctl (2013-10-30) initialised: dm-devel@redhat.com
Jan  4 07:19:57 postman kernel: [    1.858251] ledtrig-cpu: registered to indicate activity on CPUs
Jan  4 07:19:57 postman kernel: [    1.858334] TCP: cubic registered
Jan  4 07:19:57 postman kernel: [    1.858446] NET: Registered protocol family 10
Jan  4 07:19:57 postman kernel: [    1.858658] NET: Registered protocol family 17
Jan  4 07:19:57 postman kernel: [    1.858672] Key type dns_resolver registered
Jan  4 07:19:57 postman kernel: [    1.859352] Loading compiled-in X.509 certificates
Jan  4 07:19:57 postman kernel: [    1.860061] Loaded X.509 cert 'Magrathea: Glacier signing key: 4a94aff5eff7b539906b3f2a9d0cca00dac4cbb0'
Jan  4 07:19:57 postman kernel: [    1.860072] registered taskstats version 1
Jan  4 07:19:57 postman kernel: [    1.862305] Key type trusted registered
Jan  4 07:19:57 postman kernel: [    1.865789] Key type encrypted registered
Jan  4 07:19:57 postman kernel: [    1.865794] AppArmor: AppArmor sha1 policy hashing enabled
Jan  4 07:19:57 postman kernel: [    1.865797] ima: No TPM chip found, activating TPM-bypass!
Jan  4 07:19:57 postman kernel: [    1.865812] evm: HMAC attrs: 0x1
Jan  4 07:19:57 postman kernel: [    1.866378]   Magic number: 1:280:318
Jan  4 07:19:57 postman kernel: [    1.866393] tty tty43: hash matches
Jan  4 07:19:57 postman kernel: [    1.866409] memory memory172: hash matches
Jan  4 07:19:57 postman kernel: [    1.866463] rtc_cmos 00:03: setting system clock to 2017-01-04 07:19:53 UTC (1483514393)
Jan  4 07:19:57 postman kernel: [    1.866583] powernow_k8: This CPU is not supported anymore, using acpi-cpufreq instead.
Jan  4 07:19:57 postman kernel: [    1.867516] BIOS EDD facility v0.16 2004-Jun-25, 0 devices found
Jan  4 07:19:57 postman kernel: [    1.867518] EDD information not available.
Jan  4 07:19:57 postman kernel: [    1.867605] PM: Hibernation image not present or could not be loaded.
Jan  4 07:19:57 postman kernel: [    1.868756] Freeing unused kernel memory: 1356K (ffffffff81d1d000 - ffffffff81e70000)
Jan  4 07:19:57 postman kernel: [    1.868757] Write protecting the kernel read-only data: 12288k
Jan  4 07:19:57 postman kernel: [    1.869136] Freeing unused kernel memory: 524K (ffff88000177d000 - ffff880001800000)
Jan  4 07:19:57 postman kernel: [    1.870641] Freeing unused kernel memory: 476K (ffff880001b89000 - ffff880001c00000)
Jan  4 07:19:57 postman kernel: [    1.877395] input: AT Translated Set 2 keyboard as /devices/platform/i8042/serio0/input/input2
Jan  4 07:19:57 postman kernel: [    1.882079] systemd-udevd[154]: starting version 204
Jan  4 07:19:57 postman kernel: [    1.902211] ahci 0000:00:11.0: version 3.0
Jan  4 07:19:57 postman kernel: [    1.902350] ahci 0000:00:11.0: AHCI 0001.0200 32 slots 1 ports 6 Gbps 0x4 impl SATA mode
Jan  4 07:19:57 postman kernel: [    1.902352] ahci 0000:00:11.0: flags: 64bit ncq sntf ilck pm led clo pmp pio slum part 
Jan  4 07:19:57 postman kernel: [    1.903287] scsi0 : ahci
Jan  4 07:19:57 postman kernel: [    1.903472] scsi1 : ahci
Jan  4 07:19:57 postman kernel: [    1.903692] scsi2 : ahci
Jan  4 07:19:57 postman kernel: [    1.903754] ata1: DUMMY
Jan  4 07:19:57 postman kernel: [    1.903755] ata2: DUMMY
Jan  4 07:19:57 postman kernel: [    1.903757] ata3: SATA max UDMA/133 abar m1024@0xfe70b000 port 0xfe70b200 irq 19
Jan  4 07:19:57 postman kernel: [    1.903853] ahci 0000:02:00.0: irq 97 for MSI/MSI-X
Jan  4 07:19:57 postman kernel: [    1.903869] ahci 0000:02:00.0: SSS flag set, parallel bus scan disabled
Jan  4 07:19:57 postman kernel: [    1.903888] ahci 0000:02:00.0: AHCI 0001.0200 32 slots 2 ports 6 Gbps 0x3 impl SATA mode
Jan  4 07:19:57 postman kernel: [    1.903890] ahci 0000:02:00.0: flags: 64bit ncq sntf stag led clo pmp pio slum part ccc sxs 
Jan  4 07:19:57 postman kernel: [    1.904297] scsi3 : ahci
Jan  4 07:19:57 postman kernel: [    1.904464] scsi4 : ahci
Jan  4 07:19:57 postman kernel: [    1.904520] ata4: SATA max UDMA/133 abar m512@0xfe600000 port 0xfe600100 irq 97
Jan  4 07:19:57 postman kernel: [    1.904522] ata5: SATA max UDMA/133 abar m512@0xfe600000 port 0xfe600180 irq 97
Jan  4 07:19:57 postman kernel: [    1.904594] ahci 0000:03:00.0: irq 98 for MSI/MSI-X
Jan  4 07:19:57 postman kernel: [    1.904609] ahci 0000:03:00.0: SSS flag set, parallel bus scan disabled
Jan  4 07:19:57 postman kernel: [    1.904630] ahci 0000:03:00.0: AHCI 0001.0200 32 slots 2 ports 6 Gbps 0x3 impl SATA mode
Jan  4 07:19:57 postman kernel: [    1.904632] ahci 0000:03:00.0: flags: 64bit ncq sntf stag led clo pmp pio slum part ccc sxs 
Jan  4 07:19:57 postman kernel: [    1.904958] scsi5 : ahci
Jan  4 07:19:57 postman kernel: [    1.905161] scsi6 : ahci
Jan  4 07:19:57 postman kernel: [    1.905278] r8169 Gigabit Ethernet driver 2.3LK-NAPI loaded
Jan  4 07:19:57 postman kernel: [    1.905288] r8169 0000:0a:00.0: can't disable ASPM; OS doesn't have ASPM control
Jan  4 07:19:57 postman kernel: [    1.905290] ata6: SATA max UDMA/133 abar m512@0xfe500000 port 0xfe500100 irq 98
Jan  4 07:19:57 postman kernel: [    1.905294] ata7: SATA max UDMA/133 abar m512@0xfe500000 port 0xfe500180 irq 98
Jan  4 07:19:57 postman kernel: [    1.905516] r8169 0000:0a:00.0: irq 99 for MSI/MSI-X
Jan  4 07:19:57 postman kernel: [    1.905749] r8169 0000:0a:00.0 eth0: RTL8168f/8111f at 0xffffc900135aa000, 60:a4:4c:5f:ba:0c, XID 08000800 IRQ 99
Jan  4 07:19:57 postman kernel: [    1.905751] r8169 0000:0a:00.0 eth0: jumbo features [frames: 9200 bytes, tx checksumming: ko]
Jan  4 07:19:57 postman kernel: [    1.945142] usb 5-3: new low-speed USB device number 2 using ohci-pci
Jan  4 07:19:57 postman kernel: [    2.114111] usb 5-3: New USB device found, idVendor=046d, idProduct=c408
Jan  4 07:19:57 postman kernel: [    2.114118] usb 5-3: New USB device strings: Mfr=1, Product=2, SerialNumber=0
Jan  4 07:19:57 postman kernel: [    2.114123] usb 5-3: Product: USB Trackball
Jan  4 07:19:57 postman kernel: [    2.114127] usb 5-3: Manufacturer: Logitech
Jan  4 07:19:57 postman kernel: [    2.119008] hidraw: raw HID events driver (C) Jiri Kosina
Jan  4 07:19:57 postman kernel: [    2.125277] usbcore: registered new interface driver usbhid
Jan  4 07:19:57 postman kernel: [    2.125280] usbhid: USB HID core driver
Jan  4 07:19:57 postman kernel: [    2.126595] input: Logitech USB Trackball as /devices/pci0000:00/0000:00:13.0/usb5/5-3/5-3:1.0/0003:046D:C408.0001/input/input3
